Archive member included to satisfy reference by file (symbol)

c:/st/stm32cubeide_1.12.1/stm32cubeide/plugins/com.st.stm32cube.ide.mcu.externaltools.gnu-tools-for-stm32.10.3-2021.10.win32_1.0.200.202301161003/tools/bin/../lib/gcc/arm-none-eabi/10.3.1/../../../../arm-none-eabi/lib/thumb/v7e-m+dp/hard\libc_nano.a(lib_a-errno.o)
                              ./Core/Src/syscalls.o (__errno)
c:/st/stm32cubeide_1.12.1/stm32cubeide/plugins/com.st.stm32cube.ide.mcu.externaltools.gnu-tools-for-stm32.10.3-2021.10.win32_1.0.200.202301161003/tools/bin/../lib/gcc/arm-none-eabi/10.3.1/../../../../arm-none-eabi/lib/thumb/v7e-m+dp/hard\libc_nano.a(lib_a-exit.o)
                              c:/st/stm32cubeide_1.12.1/stm32cubeide/plugins/com.st.stm32cube.ide.mcu.externaltools.gnu-tools-for-stm32.10.3-2021.10.win32_1.0.200.202301161003/tools/bin/../lib/gcc/arm-none-eabi/10.3.1/../../../../arm-none-eabi/lib/thumb/v7e-m+dp/hard/crt0.o (exit)
c:/st/stm32cubeide_1.12.1/stm32cubeide/plugins/com.st.stm32cube.ide.mcu.externaltools.gnu-tools-for-stm32.10.3-2021.10.win32_1.0.200.202301161003/tools/bin/../lib/gcc/arm-none-eabi/10.3.1/../../../../arm-none-eabi/lib/thumb/v7e-m+dp/hard\libc_nano.a(lib_a-impure.o)
                              c:/st/stm32cubeide_1.12.1/stm32cubeide/plugins/com.st.stm32cube.ide.mcu.externaltools.gnu-tools-for-stm32.10.3-2021.10.win32_1.0.200.202301161003/tools/bin/../lib/gcc/arm-none-eabi/10.3.1/../../../../arm-none-eabi/lib/thumb/v7e-m+dp/hard\libc_nano.a(lib_a-exit.o) (_global_impure_ptr)
c:/st/stm32cubeide_1.12.1/stm32cubeide/plugins/com.st.stm32cube.ide.mcu.externaltools.gnu-tools-for-stm32.10.3-2021.10.win32_1.0.200.202301161003/tools/bin/../lib/gcc/arm-none-eabi/10.3.1/../../../../arm-none-eabi/lib/thumb/v7e-m+dp/hard\libc_nano.a(lib_a-init.o)
                              c:/st/stm32cubeide_1.12.1/stm32cubeide/plugins/com.st.stm32cube.ide.mcu.externaltools.gnu-tools-for-stm32.10.3-2021.10.win32_1.0.200.202301161003/tools/bin/../lib/gcc/arm-none-eabi/10.3.1/../../../../arm-none-eabi/lib/thumb/v7e-m+dp/hard/crt0.o (__libc_init_array)
c:/st/stm32cubeide_1.12.1/stm32cubeide/plugins/com.st.stm32cube.ide.mcu.externaltools.gnu-tools-for-stm32.10.3-2021.10.win32_1.0.200.202301161003/tools/bin/../lib/gcc/arm-none-eabi/10.3.1/../../../../arm-none-eabi/lib/thumb/v7e-m+dp/hard\libc_nano.a(lib_a-memset.o)
                              c:/st/stm32cubeide_1.12.1/stm32cubeide/plugins/com.st.stm32cube.ide.mcu.externaltools.gnu-tools-for-stm32.10.3-2021.10.win32_1.0.200.202301161003/tools/bin/../lib/gcc/arm-none-eabi/10.3.1/../../../../arm-none-eabi/lib/thumb/v7e-m+dp/hard/crt0.o (memset)
c:/st/stm32cubeide_1.12.1/stm32cubeide/plugins/com.st.stm32cube.ide.mcu.externaltools.gnu-tools-for-stm32.10.3-2021.10.win32_1.0.200.202301161003/tools/bin/../lib/gcc/arm-none-eabi/10.3.1/../../../../arm-none-eabi/lib/thumb/v7e-m+dp/hard\libc_nano.a(lib_a-printf.o)
                              ./CANLib/CAN_Main/CAN_Main.o (printf)
c:/st/stm32cubeide_1.12.1/stm32cubeide/plugins/com.st.stm32cube.ide.mcu.externaltools.gnu-tools-for-stm32.10.3-2021.10.win32_1.0.200.202301161003/tools/bin/../lib/gcc/arm-none-eabi/10.3.1/../../../../arm-none-eabi/lib/thumb/v7e-m+dp/hard\libc_nano.a(lib_a-puts.o)
                              ./CANLib/CAN_Main/CAN_Main.o (puts)
c:/st/stm32cubeide_1.12.1/stm32cubeide/plugins/com.st.stm32cube.ide.mcu.externaltools.gnu-tools-for-stm32.10.3-2021.10.win32_1.0.200.202301161003/tools/bin/../lib/gcc/arm-none-eabi/10.3.1/../../../../arm-none-eabi/lib/thumb/v7e-m+dp/hard\libc_nano.a(lib_a-wbuf.o)
                              c:/st/stm32cubeide_1.12.1/stm32cubeide/plugins/com.st.stm32cube.ide.mcu.externaltools.gnu-tools-for-stm32.10.3-2021.10.win32_1.0.200.202301161003/tools/bin/../lib/gcc/arm-none-eabi/10.3.1/../../../../arm-none-eabi/lib/thumb/v7e-m+dp/hard\libc_nano.a(lib_a-puts.o) (__swbuf_r)
c:/st/stm32cubeide_1.12.1/stm32cubeide/plugins/com.st.stm32cube.ide.mcu.externaltools.gnu-tools-for-stm32.10.3-2021.10.win32_1.0.200.202301161003/tools/bin/../lib/gcc/arm-none-eabi/10.3.1/../../../../arm-none-eabi/lib/thumb/v7e-m+dp/hard\libc_nano.a(lib_a-wsetup.o)
                              c:/st/stm32cubeide_1.12.1/stm32cubeide/plugins/com.st.stm32cube.ide.mcu.externaltools.gnu-tools-for-stm32.10.3-2021.10.win32_1.0.200.202301161003/tools/bin/../lib/gcc/arm-none-eabi/10.3.1/../../../../arm-none-eabi/lib/thumb/v7e-m+dp/hard\libc_nano.a(lib_a-puts.o) (__swsetup_r)
c:/st/stm32cubeide_1.12.1/stm32cubeide/plugins/com.st.stm32cube.ide.mcu.externaltools.gnu-tools-for-stm32.10.3-2021.10.win32_1.0.200.202301161003/tools/bin/../lib/gcc/arm-none-eabi/10.3.1/../../../../arm-none-eabi/lib/thumb/v7e-m+dp/hard\libc_nano.a(lib_a-fflush.o)
[...]
Memory Configuration

Name             Origin             Length             Attributes
RAM              0x0000000020000000 0x0000000000080000 xrw
FLASH            0x0000000008000000 0x0000000000200000 xr
*default*        0x0000000000000000 0xffffffffffffffff

Linker script and memory map

LOAD c:/st/stm32cubeide_1.12.1/stm32cubeide/plugins/com.st.stm32cube.ide.mcu.externaltools.gnu-tools-for-stm32.10.3-2021.10.win32_1.0.200.202301161003/tools/bin/../lib/gcc/arm-none-eabi/10.3.1/thumb/v7e-m+dp/hard/crti.o
LOAD c:/st/stm32cubeide_1.12.1/stm32cubeide/plugins/com.st.stm32cube.ide.mcu.externaltools.gnu-tools-for-stm32.10.3-2021.10.win32_1.0.200.202301161003/tools/bin/../lib/gcc/arm-none-eabi/10.3.1/thumb/v7e-m+dp/hard/crtbegin.o
LOAD c:/st/stm32cubeide_1.12.1/stm32cubeide/plugins/com.st.stm32cube.ide.mcu.externaltools.gnu-tools-for-stm32.10.3-2021.10.win32_1.0.200.202301161003/tools/bin/../lib/gcc/arm-none-eabi/10.3.1/../../../../arm-none-eabi/lib/thumb/v7e-m+dp/hard/crt0.o
LOAD ./CANLib/CAN_Main/CAN_Main.o
LOAD ./CANLib/Defines/CAN_System_Def.o
LOAD ./CANLib_RoboMas/CAN_C620/C620_Control.o
LOAD ./CANLib_RoboMas/CAN_C620/CAN_C620.o
LOAD ./CANLib_RoboMas/CAN_C620_System/CAN_C620_System.o
LOAD ./Core/Src/main.o
LOAD ./Core/Src/stm32f7xx_hal_msp.o
LOAD ./Core/Src/stm32f7xx_it.o
LOAD ./Core/Src/syscalls.o
LOAD ./Core/Src/sysmem.o
LOAD ./Core/Src/system_stm32f7xx.o
LOAD ./Core/Startup/startup_stm32f767zitx.o
LOAD ./Drivers/STM32F7xx_HAL_Driver/Src/stm32f7xx_hal.o
LOAD ./Drivers/STM32F7xx_HAL_Driver/Src/stm32f7xx_hal_can.o
LOAD ./Drivers/STM32F7xx_HAL_Driver/Src/stm32f7xx_hal_cortex.o
LOAD ./Drivers/STM32F7xx_HAL_Driver/Src/stm32f7xx_hal_dma.o
LOAD ./Drivers/STM32F7xx_HAL_Driver/Src/stm32f7xx_hal_dma_ex.o
LOAD ./Drivers/STM32F7xx_HAL_Driver/Src/stm32f7xx_hal_eth.o
LOAD ./Drivers/STM32F7xx_HAL_Driver/Src/stm32f7xx_hal_exti.o
LOAD ./Drivers/STM32F7xx_HAL_Driver/Src/stm32f7xx_hal_flash.o
LOAD ./Drivers/STM32F7xx_HAL_Driver/Src/stm32f7xx_hal_flash_ex.o
LOAD ./Drivers/STM32F7xx_HAL_Driver/Src/stm32f7xx_hal_gpio.o
LOAD ./Drivers/STM32F7xx_HAL_Driver/Src/stm32f7xx_hal_i2c.o
LOAD ./Drivers/STM32F7xx_HAL_Driver/Src/stm32f7xx_hal_i2c_ex.o
LOAD ./Drivers/STM32F7xx_HAL_Driver/Src/stm32f7xx_hal_pcd.o
LOAD ./Drivers/STM32F7xx_HAL_Driver/Src/stm32f7xx_hal_pcd_ex.o
LOAD ./Drivers/STM32F7xx_HAL_Driver/Src/stm32f7xx_hal_pwr.o
LOAD ./Drivers/STM32F7xx_HAL_Driver/Src/stm32f7xx_hal_pwr_ex.o
LOAD ./Drivers/STM32F7xx_HAL_Driver/Src/stm32f7xx_hal_rcc.o
LOAD ./Drivers/STM32F7xx_HAL_Driver/Src/stm32f7xx_hal_rcc_ex.o
LOAD ./Drivers/STM32F7xx_HAL_Driver/Src/stm32f7xx_hal_tim.o
LOAD ./Drivers/STM32F7xx_HAL_Driver/Src/stm32f7xx_hal_tim_ex.o
LOAD ./Drivers/STM32F7xx_HAL_Driver/Src/stm32f7xx_hal_uart.o
LOAD ./Drivers/STM32F7xx_HAL_Driver/Src/stm32f7xx_hal_uart_ex.o
LOAD ./Drivers/STM32F7xx_HAL_Driver/Src/stm32f7xx_ll_usb.o
START GROUP
LOAD c:/st/stm32cubeide_1.12.1/stm32cubeide/plugins/com.st.stm32cube.ide.mcu.externaltools.gnu-tools-for-stm32.10.3-2021.10.win32_1.0.200.202301161003/tools/bin/../lib/gcc/arm-none-eabi/10.3.1/../../../../arm-none-eabi/lib/thumb/v7e-m+dp/hard\libc_nano.a
LOAD c:/st/stm32cubeide_1.12.1/stm32cubeide/plugins/com.st.stm32cube.ide.mcu.externaltools.gnu-tools-for-stm32.10.3-2021.10.win32_1.0.200.202301161003/tools/bin/../lib/gcc/arm-none-eabi/10.3.1/../../../../arm-none-eabi/lib/thumb/v7e-m+dp/hard\libm.a
END GROUP
START GROUP
LOAD c:/st/stm32cubeide_1.12.1/stm32cubeide/plugins/com.st.stm32cube.ide.mcu.externaltools.gnu-tools-for-stm32.10.3-2021.10.win32_1.0.200.202301161003/tools/bin/../lib/gcc/arm-none-eabi/10.3.1/thumb/v7e-m+dp/hard\libgcc.a
LOAD c:/st/stm32cubeide_1.12.1/stm32cubeide/plugins/com.st.stm32cube.ide.mcu.externaltools.gnu-tools-for-stm32.10.3-2021.10.win32_1.0.200.202301161003/tools/bin/../lib/gcc/arm-none-eabi/10.3.1/../../../../arm-none-eabi/lib/thumb/v7e-m+dp/hard\libc_nano.a
END GROUP
START GROUP
LOAD c:/st/stm32cubeide_1.12.1/stm32cubeide/plugins/com.st.stm32cube.ide.mcu.externaltools.gnu-tools-for-stm32.10.3-2021.10.win32_1.0.200.202301161003/tools/bin/../lib/gcc/arm-none-eabi/10.3.1/thumb/v7e-m+dp/hard\libgcc.a
LOAD c:/st/stm32cubeide_1.12.1/stm32cubeide/plugins/com.st.stm32cube.ide.mcu.externaltools.gnu-tools-for-stm32.10.3-2021.10.win32_1.0.200.202301161003/tools/bin/../lib/gcc/arm-none-eabi/10.3.1/../../../../arm-none-eabi/lib/thumb/v7e-m+dp/hard\libc_nano.a
LOAD c:/st/stm32cubeide_1.12.1/stm32cubeide/plugins/com.st.stm32cube.ide.mcu.externaltools.gnu-tools-for-stm32.10.3-2021.10.win32_1.0.200.202301161003/tools/bin/../lib/gcc/arm-none-eabi/10.3.1/../../../../arm-none-eabi/lib/thumb/v7e-m+dp/hard\libnosys.a
END GROUP
START GROUP
LOAD c:/st/stm32cubeide_1.12.1/stm32cubeide/plugins/com.st.stm32cube.ide.mcu.externaltools.gnu-tools-for-stm32.10.3-2021.10.win32_1.0.200.202301161003/tools/bin/../lib/gcc/arm-none-eabi/10.3.1/thumb/v7e-m+dp/hard\libgcc.a
LOAD c:/st/stm32cubeide_1.12.1/stm32cubeide/plugins/com.st.stm32cube.ide.mcu.externaltools.gnu-tools-for-stm32.10.3-2021.10.win32_1.0.200.202301161003/tools/bin/../lib/gcc/arm-none-eabi/10.3.1/../../../../arm-none-eabi/lib/thumb/v7e-m+dp/hard\libc_nano.a
LOAD c:/st/stm32cubeide_1.12.1/stm32cubeide/plugins/com.st.stm32cube.ide.mcu.externaltools.gnu-tools-for-stm32.10.3-2021.10.win32_1.0.200.202301161003/tools/bin/../lib/gcc/arm-none-eabi/10.3.1/../../../../arm-none-eabi/lib/thumb/v7e-m+dp/hard\libnosys.a
END GROUP
LOAD c:/st/stm32cubeide_1.12.1/stm32cubeide/plugins/com.st.stm32cube.ide.mcu.externaltools.gnu-tools-for-stm32.10.3-2021.10.win32_1.0.200.202301161003/tools/bin/../lib/gcc/arm-none-eabi/10.3.1/thumb/v7e-m+dp/hard/crtend.o
LOAD c:/st/stm32cubeide_1.12.1/stm32cubeide/plugins/com.st.stm32cube.ide.mcu.externaltools.gnu-tools-for-stm32.10.3-2021.10.win32_1.0.200.202301161003/tools/bin/../lib/gcc/arm-none-eabi/10.3.1/thumb/v7e-m+dp/hard/crtn.o
                0x0000000020080000                _estack = (ORIGIN (RAM) + LENGTH (RAM))
                0x0000000000000200                _Min_Heap_Size = 0x200
                0x0000000000000400                _Min_Stack_Size = 0x400

.isr_vector     0x0000000008000000      0x1f8
                0x0000000008000000                . = ALIGN (0x4)
 *(.isr_vector)
 .isr_vector    0x0000000008000000      0x1f8 ./Core/Startup/startup_stm32f767zitx.o
                0x0000000008000000                g_pfnVectors
                0x00000000080001f8                . = ALIGN (0x4)

.text           0x0000000008000200     0x8aac
                0x0000000008000200                . = ALIGN (0x4)
 *(.text)
 .text          0x0000000008000200       0x40 c:/st/stm32cubeide_1.12.1/stm32cubeide/plugins/com.st.stm32cube.ide.mcu.externaltools.gnu-tools-for-stm32.10.3-2021.10.win32_1.0.200.202301161003/tools/bin/../lib/gcc/arm-none-eabi/10.3.1/thumb/v7e-m+dp/hard/crtbegin.o
 .text          0x0000000008000240       0xa0 c:/st/stm32cubeide_1.12.1/stm32cubeide/plugins/com.st.stm32cube.ide.mcu.externaltools.gnu-tools-for-stm32.10.3-2021.10.win32_1.0.200.202301161003/tools/bin/../lib/gcc/arm-none-eabi/10.3.1/../../../../arm-none-eabi/lib/thumb/v7e-m+dp/hard\libc_nano.a(lib_a-memchr.o)
                0x0000000008000240                memchr
 .text          0x00000000080002e0      0x21c c:/st/stm32cubeide_1.12.1/stm32cubeide/plugins/com.st.stm32cube.ide.mcu.externaltools.gnu-tools-for-stm32.10.3-2021.10.win32_1.0.200.202301161003/tools/bin/../lib/gcc/arm-none-eabi/10.3.1/thumb/v7e-m+dp/hard\libgcc.a(_arm_addsubsf3.o)
                0x00000000080002e0                __aeabi_frsub
                0x00000000080002e8                __subsf3
                0x00000000080002e8                __aeabi_fsub
                0x00000000080002ec                __aeabi_fadd
                0x00000000080002ec                __addsf3
                0x000000000800044c                __aeabi_ui2f
                0x000000000800044c                __floatunsisf
                0x0000000008000454                __aeabi_i2f
                0x0000000008000454                __floatsisf
                0x0000000008000470                __aeabi_ul2f
                0x0000000008000470                __floatundisf
                0x0000000008000480                __aeabi_l2f
                0x0000000008000480                __floatdisf
 .text          0x00000000080004fc       0x30 c:/st/stm32cubeide_1.12.1/stm32cubeide/plugins/com.st.stm32cube.ide.mcu.externaltools.gnu-tools-for-stm32.10.3-2021.10.win32_1.0.200.202301161003/tools/bin/../lib/gcc/arm-none-eabi/10.3.1/thumb/v7e-m+dp/hard\libgcc.a(_aeabi_uldivmod.o)
                0x00000000080004fc                __aeabi_uldivmod
 .text          0x000000000800052c      0x2d0 c:/st/stm32cubeide_1.12.1/stm32cubeide/plugins/com.st.stm32cube.ide.mcu.externaltools.gnu-tools-for-stm32.10.3-2021.10.win32_1.0.200.202301161003/tools/bin/../lib/gcc/arm-none-eabi/10.3.1/thumb/v7e-m+dp/hard\libgcc.a(_udivmoddi4.o)
                0x000000000800052c                __udivmoddi4
 .text          0x00000000080007fc        0x4 c:/st/stm32cubeide_1.12.1/stm32cubeide/plugins/com.st.stm32cube.ide.mcu.externaltools.gnu-tools-for-stm32.10.3-2021.10.win32_1.0.200.202301161003/tools/bin/../lib/gcc/arm-none-eabi/10.3.1/thumb/v7e-m+dp/hard\libgcc.a(_dvmd_tls.o)
                0x00000000080007fc                __aeabi_idiv0
                0x00000000080007fc                __aeabi_ldiv0
 *(.text*)
 .text.PushTx8Bytes
                0x0000000008000800       0xb0 ./CANLib/CAN_Main/CAN_Main.o
                0x0000000008000800                PushTx8Bytes
 .text.PopSendTx8Bytes
                0x00000000080008b0       0xb8 ./CANLib/CAN_Main/CAN_Main.o
                0x00000000080008b0                PopSendTx8Bytes
 .text.CANLib_WhenTxMailbox0_1_2CompleteCallbackCalled
                0x0000000008000968       0x2c ./CANLib/CAN_Main/CAN_Main.o
                0x0000000008000968                CANLib_WhenTxMailbox0_1_2CompleteCallbackCalled
 .text.CANLib_WhenTxMailbox0_1_2AbortCallbackCalled
                0x0000000008000994       0x2c ./CANLib/CAN_Main/CAN_Main.o
                0x0000000008000994                CANLib_WhenTxMailbox0_1_2AbortCallbackCalled
 .text.WhenCANRxFifo0MsgPending
                0x00000000080009c0      0x208 ./CANLib/CAN_Main/CAN_Main.o
                0x00000000080009c0                WhenCANRxFifo0MsgPending
 .text.SendBytes
                0x0000000008000bc8       0xac ./CANLib/CAN_Main/CAN_Main.o
                0x0000000008000bc8                SendBytes
 .text.CAN_SystemInit
                0x0000000008000c74      0x550 ./CANLib/CAN_Main/CAN_Main.o
                0x0000000008000c74                CAN_SystemInit
 .text.CAN_WaitConnect
                0x00000000080011c4      0x1a4 ./CANLib/CAN_Main/CAN_Main.o
                0x00000000080011c4                CAN_WaitConnect
 .text.MCMD_ChangeControl
                0x0000000008001368       0xd0 ./CANLib/CAN_Main/CAN_Main.o
                0x0000000008001368                MCMD_ChangeControl
 .text.MCMD_init
                0x0000000008001438       0xa0 ./CANLib/CAN_Main/CAN_Main.o
                0x0000000008001438                MCMD_init
 .text.MCMD_Calib
                0x00000000080014d8       0x2c ./CANLib/CAN_Main/CAN_Main.o
                0x00000000080014d8                MCMD_Calib
 .text.MCMD_Control_Enable
                0x0000000008001504       0x2c ./CANLib/CAN_Main/CAN_Main.o
                0x0000000008001504                MCMD_Control_Enable
 .text.MCMD_SetTarget
                0x0000000008001530       0x2e ./CANLib/CAN_Main/CAN_Main.o
                0x0000000008001530                MCMD_SetTarget
 *fill*         0x000000000800155e        0x2 
 .text.Get_MCMD_Feedback
                0x0000000008001560      0x1b0 ./CANLib/CAN_Main/CAN_Main.o
                0x0000000008001560                Get_MCMD_Feedback
 .text.Make_CAN_ID_from_CAN_Device
                0x0000000008001710       0x52 ./CANLib/Defines/CAN_System_Def.o
                0x0000000008001710                Make_CAN_ID_from_CAN_Device
 .text.Make_CAN_ID
                0x0000000008001762       0x5a ./CANLib/Defines/CAN_System_Def.o
                0x0000000008001762                Make_CAN_ID
 .text.Extract_CAN_Device
                0x00000000080017bc       0x98 ./CANLib/Defines/CAN_System_Def.o
                0x00000000080017bc                Extract_CAN_Device
 .text.Extract_CAN_CMD
                0x0000000008001854       0x1e ./CANLib/Defines/CAN_System_Def.o
                0x0000000008001854                Extract_CAN_CMD
 *fill*         0x0000000008001872        0x2 
 .text.C620_WaitForConnect
                0x0000000008001874       0x70 ./CANLib_RoboMas/CAN_C620/CAN_C620.o
                0x0000000008001874                C620_WaitForConnect
 .text.C620_SetTarget
                0x00000000080018e4       0x1e ./CANLib_RoboMas/CAN_C620/CAN_C620.o
                0x00000000080018e4                C620_SetTarget
 .text.C620_ControlEnable
                0x0000000008001902       0x1c ./CANLib_RoboMas/CAN_C620/CAN_C620.o
                0x0000000008001902                C620_ControlEnable
 .text._C620_PopSendTx8Bytes
                0x000000000800191e       0xd0 ./CANLib_RoboMas/CAN_C620_System/CAN_C620_System.o
                0x000000000800191e                _C620_PopSendTx8Bytes
 *fill*         0x00000000080019ee        0x2 
 .text.C620_WhenTxMailboxCompleteCallbackCalled
                0x00000000080019f0       0x2c ./CANLib_RoboMas/CAN_C620_System/CAN_C620_System.o
                0x00000000080019f0                C620_WhenTxMailboxCompleteCallbackCalled
 .text.C620_WhenTxMailboxAbortCallbackCalled
                0x0000000008001a1c       0x2c ./CANLib_RoboMas/CAN_C620_System/CAN_C620_System.o
                0x0000000008001a1c                C620_WhenTxMailboxAbortCallbackCalled
 .text._set_fb_data_raw
                0x0000000008001a48      0x218 ./CANLib_RoboMas/CAN_C620_System/CAN_C620_System.o
                0x0000000008001a48                _set_fb_data_raw
 .text.C620_WhenCANRxFifo1MsgPending
                0x0000000008001c60       0x68 ./CANLib_RoboMas/CAN_C620_System/CAN_C620_System.o
                0x0000000008001c60                C620_WhenCANRxFifo1MsgPending
 .text.Get_C620_FeedbackData
                0x0000000008001cc8      0x168 ./CANLib_RoboMas/CAN_C620_System/CAN_C620_System.o
                0x0000000008001cc8                Get_C620_FeedbackData
 .text.__io_putchar
                0x0000000008001e30       0x28 ./Core/Src/main.o
                0x0000000008001e30                __io_putchar
 .text.HAL_CAN_TxMailbox0CompleteCallback
                0x0000000008001e58       0x1c ./Core/Src/main.o
                0x0000000008001e58                HAL_CAN_TxMailbox0CompleteCallback
 .text.HAL_CAN_TxMailbox0AbortCallback
                0x0000000008001e74       0x1c ./Core/Src/main.o
                0x0000000008001e74                HAL_CAN_TxMailbox0AbortCallback
 .text.HAL_CAN_TxMailbox1CompleteCallback
                0x0000000008001e90       0x1c ./Core/Src/main.o
                0x0000000008001e90                HAL_CAN_TxMailbox1CompleteCallback
 .text.HAL_CAN_TxMailbox1AbortCallback
                0x0000000008001eac       0x1c ./Core/Src/main.o
                0x0000000008001eac                HAL_CAN_TxMailbox1AbortCallback
 .text.HAL_CAN_TxMailbox2CompleteCallback
                0x0000000008001ec8       0x1c ./Core/Src/main.o
                0x0000000008001ec8                HAL_CAN_TxMailbox2CompleteCallback
 .text.HAL_CAN_TxMailbox2AbortCallback
                0x0000000008001ee4       0x1c ./Core/Src/main.o
                0x0000000008001ee4                HAL_CAN_TxMailbox2AbortCallback
 .text.HAL_CAN_RxFifo0MsgPendingCallback
                0x0000000008001f00       0x1c ./Core/Src/main.o
                0x0000000008001f00                HAL_CAN_RxFifo0MsgPendingCallback
 .text.HAL_CAN_RxFifo1MsgPendingCallback
                0x0000000008001f1c       0x16 ./Core/Src/main.o
                0x0000000008001f1c                HAL_CAN_RxFifo1MsgPendingCallback
 *fill*         0x0000000008001f32        0x2 
 .text.main     0x0000000008001f34      0x328 ./Core/Src/main.o
                0x0000000008001f34                main
 .text.SystemClock_Config
                0x000000000800225c       0xe4 ./Core/Src/main.o
                0x000000000800225c                SystemClock_Config
 .text.MX_CAN1_Init
                0x0000000008002340       0x6c ./Core/Src/main.o
 .text.MX_CAN2_Init
                0x00000000080023ac       0x6c ./Core/Src/main.o
 .text.MX_ETH_Init
                0x0000000008002418       0x9c ./Core/Src/main.o
 .text.MX_USART3_UART_Init
                0x00000000080024b4       0x60 ./Core/Src/main.o
 .text.MX_USB_OTG_FS_PCD_Init
                0x0000000008002514       0x5c ./Core/Src/main.o
 .text.MX_DMA_Init
                0x0000000008002570       0x3c ./Core/Src/main.o
 .text.MX_GPIO_Init
                0x00000000080025ac      0x144 ./Core/Src/main.o
 .text.Error_Handler
                0x00000000080026f0        0xa ./Core/Src/main.o
                0x00000000080026f0                Error_Handler
 *fill*         0x00000000080026fa        0x2 
 .text.HAL_MspInit
                0x00000000080026fc       0x48 ./Core/Src/stm32f7xx_hal_msp.o
                0x00000000080026fc                HAL_MspInit
 .text.HAL_CAN_MspInit
                0x0000000008002744      0x18c ./Core/Src/stm32f7xx_hal_msp.o
                0x0000000008002744                HAL_CAN_MspInit
 .text.HAL_ETH_MspInit
                0x00000000080028d0      0x170 ./Core/Src/stm32f7xx_hal_msp.o
                0x00000000080028d0                HAL_ETH_MspInit
 .text.HAL_UART_MspInit
                0x0000000008002a40      0x134 ./Core/Src/stm32f7xx_hal_msp.o
                0x0000000008002a40                HAL_UART_MspInit
 .text.HAL_PCD_MspInit
                0x0000000008002b74       0xf4 ./Core/Src/stm32f7xx_hal_msp.o
                0x0000000008002b74                HAL_PCD_MspInit
 .text.NMI_Handler
                0x0000000008002c68        0x6 ./Core/Src/stm32f7xx_it.o
                0x0000000008002c68                NMI_Handler
 .text.HardFault_Handler
                0x0000000008002c6e        0x6 ./Core/Src/stm32f7xx_it.o
                0x0000000008002c6e                HardFault_Handler
 .text.MemManage_Handler
                0x0000000008002c74        0x6 ./Core/Src/stm32f7xx_it.o
                0x0000000008002c74                MemManage_Handler
 .text.BusFault_Handler
                0x0000000008002c7a        0x6 ./Core/Src/stm32f7xx_it.o
                0x0000000008002c7a                BusFault_Handler
 .text.UsageFault_Handler
                0x0000000008002c80        0x6 ./Core/Src/stm32f7xx_it.o
                0x0000000008002c80                UsageFault_Handler
 .text.SVC_Handler
                0x0000000008002c86        0xe ./Core/Src/stm32f7xx_it.o
                0x0000000008002c86                SVC_Handler
 .text.DebugMon_Handler
                0x0000000008002c94        0xe ./Core/Src/stm32f7xx_it.o
                0x0000000008002c94                DebugMon_Handler
 .text.PendSV_Handler
                0x0000000008002ca2        0xe ./Core/Src/stm32f7xx_it.o
                0x0000000008002ca2                PendSV_Handler
 .text.SysTick_Handler
                0x0000000008002cb0        0xc ./Core/Src/stm32f7xx_it.o
                0x0000000008002cb0                SysTick_Handler
 .text.DMA1_Stream3_IRQHandler
                0x0000000008002cbc       0x14 ./Core/Src/stm32f7xx_it.o
                0x0000000008002cbc                DMA1_Stream3_IRQHandler
 .text.CAN1_TX_IRQHandler
                0x0000000008002cd0       0x14 ./Core/Src/stm32f7xx_it.o
                0x0000000008002cd0                CAN1_TX_IRQHandler
 .text.CAN1_RX0_IRQHandler
                0x0000000008002ce4       0x14 ./Core/Src/stm32f7xx_it.o
                0x0000000008002ce4                CAN1_RX0_IRQHandler
 .text.CAN1_RX1_IRQHandler
                0x0000000008002cf8       0x14 ./Core/Src/stm32f7xx_it.o
                0x0000000008002cf8                CAN1_RX1_IRQHandler
 .text.USART3_IRQHandler
                0x0000000008002d0c       0x14 ./Core/Src/stm32f7xx_it.o
                0x0000000008002d0c                USART3_IRQHandler
 .text.CAN2_TX_IRQHandler
                0x0000000008002d20       0x14 ./Core/Src/stm32f7xx_it.o
                0x0000000008002d20                CAN2_TX_IRQHandler
 .text.CAN2_RX0_IRQHandler
                0x0000000008002d34       0x14 ./Core/Src/stm32f7xx_it.o
                0x0000000008002d34                CAN2_RX0_IRQHandler
 .text.CAN2_RX1_IRQHandler
                0x0000000008002d48       0x14 ./Core/Src/stm32f7xx_it.o
                0x0000000008002d48                CAN2_RX1_IRQHandler
 .text._read    0x0000000008002d5c       0x3a ./Core/Src/syscalls.o
                0x0000000008002d5c                _read
 .text._write   0x0000000008002d96       0x38 ./Core/Src/syscalls.o
                0x0000000008002d96                _write
 .text._close   0x0000000008002dce       0x18 ./Core/Src/syscalls.o
                0x0000000008002dce                _close
 .text._fstat   0x0000000008002de6       0x20 ./Core/Src/syscalls.o
                0x0000000008002de6                _fstat
 .text._isatty  0x0000000008002e06       0x16 ./Core/Src/syscalls.o
                0x0000000008002e06                _isatty
 .text._lseek   0x0000000008002e1c       0x1a ./Core/Src/syscalls.o
                0x0000000008002e1c                _lseek
 *fill*         0x0000000008002e36        0x2 
 .text._sbrk    0x0000000008002e38       0x6c ./Core/Src/sysmem.o
                0x0000000008002e38                _sbrk
 .text.SystemInit
                0x0000000008002ea4       0x24 ./Core/Src/system_stm32f7xx.o
                0x0000000008002ea4                SystemInit
 .text.Reset_Handler
                0x0000000008002ec8       0x50 ./Core/Startup/startup_stm32f767zitx.o
                0x0000000008002ec8                Reset_Handler
 .text.Default_Handler
                0x0000000008002f18        0x2 ./Core/Startup/startup_stm32f767zitx.o
                0x0000000008002f18                RTC_Alarm_IRQHandler
                0x0000000008002f18                EXTI2_IRQHandler
                0x0000000008002f18                TIM8_CC_IRQHandler
                0x0000000008002f18                UART8_IRQHandler
                0x0000000008002f18                SPI4_IRQHandler
                0x0000000008002f18                TIM1_CC_IRQHandler
                0x0000000008002f18                DMA2_Stream5_IRQHandler
                0x0000000008002f18                JPEG_IRQHandler
                0x0000000008002f18                DMA1_Stream5_IRQHandler
                0x0000000008002f18                CAN3_RX1_IRQHandler
                0x0000000008002f18                PVD_IRQHandler
                0x0000000008002f18                TAMP_STAMP_IRQHandler
                0x0000000008002f18                EXTI3_IRQHandler
                0x0000000008002f18                TIM8_TRG_COM_TIM14_IRQHandler
                0x0000000008002f18                DFSDM1_FLT1_IRQHandler
                0x0000000008002f18                TIM1_UP_TIM10_IRQHandler
                0x0000000008002f18                TIM8_UP_TIM13_IRQHandler
                0x0000000008002f18                I2C3_ER_IRQHandler
                0x0000000008002f18                DFSDM1_FLT2_IRQHandler
                0x0000000008002f18                EXTI0_IRQHandler
                0x0000000008002f18                I2C2_EV_IRQHandler
                0x0000000008002f18                DMA1_Stream2_IRQHandler
                0x0000000008002f18                FPU_IRQHandler
                0x0000000008002f18                OTG_HS_WKUP_IRQHandler
                0x0000000008002f18                CAN3_SCE_IRQHandler
                0x0000000008002f18                LTDC_ER_IRQHandler
                0x0000000008002f18                CAN2_SCE_IRQHandler
                0x0000000008002f18                DMA2_Stream2_IRQHandler
                0x0000000008002f18                SPI1_IRQHandler
                0x0000000008002f18                TIM6_DAC_IRQHandler
                0x0000000008002f18                TIM1_BRK_TIM9_IRQHandler
                0x0000000008002f18                DCMI_IRQHandler
                0x0000000008002f18                DMA2_Stream3_IRQHandler
                0x0000000008002f18                SAI2_IRQHandler
                0x0000000008002f18                DFSDM1_FLT3_IRQHandler
                0x0000000008002f18                USART6_IRQHandler
                0x0000000008002f18                CAN3_RX0_IRQHandler
                0x0000000008002f18                UART5_IRQHandler
                0x0000000008002f18                DMA2_Stream0_IRQHandler
                0x0000000008002f18                TIM4_IRQHandler
                0x0000000008002f18                QUADSPI_IRQHandler
                0x0000000008002f18                I2C1_EV_IRQHandler
                0x0000000008002f18                DMA1_Stream6_IRQHandler
                0x0000000008002f18                DMA1_Stream1_IRQHandler
                0x0000000008002f18                UART4_IRQHandler
                0x0000000008002f18                TIM3_IRQHandler
                0x0000000008002f18                RCC_IRQHandler
                0x0000000008002f18                TIM8_BRK_TIM12_IRQHandler
                0x0000000008002f18                Default_Handler
                0x0000000008002f18                CEC_IRQHandler
                0x0000000008002f18                EXTI15_10_IRQHandler
                0x0000000008002f18                ADC_IRQHandler
                0x0000000008002f18                DMA1_Stream7_IRQHandler
                0x0000000008002f18                SPI5_IRQHandler
                0x0000000008002f18                TIM7_IRQHandler
                0x0000000008002f18                SDMMC1_IRQHandler
                0x0000000008002f18                TIM5_IRQHandler
                0x0000000008002f18                DMA2_Stream7_IRQHandler
                0x0000000008002f18                I2C3_EV_IRQHandler
                0x0000000008002f18                EXTI9_5_IRQHandler
                0x0000000008002f18                RTC_WKUP_IRQHandler
                0x0000000008002f18                LTDC_IRQHandler
                0x0000000008002f18                ETH_WKUP_IRQHandler
                0x0000000008002f18                SPDIF_RX_IRQHandler
                0x0000000008002f18                SPI2_IRQHandler
                0x0000000008002f18                OTG_HS_EP1_IN_IRQHandler
                0x0000000008002f18                DMA1_Stream0_IRQHandler
                0x0000000008002f18                EXTI4_IRQHandler
                0x0000000008002f18                RNG_IRQHandler
                0x0000000008002f18                ETH_IRQHandler
                0x0000000008002f18                OTG_HS_EP1_OUT_IRQHandler
                0x0000000008002f18                WWDG_IRQHandler
                0x0000000008002f18                SPI6_IRQHandler
                0x0000000008002f18                MDIOS_IRQHandler
                0x0000000008002f18                I2C4_EV_IRQHandler
                0x0000000008002f18                CAN3_TX_IRQHandler
                0x0000000008002f18                TIM2_IRQHandler
                0x0000000008002f18                OTG_FS_WKUP_IRQHandler
                0x0000000008002f18                TIM1_TRG_COM_TIM11_IRQHandler
                0x0000000008002f18                OTG_HS_IRQHandler
                0x0000000008002f18                DMA2D_IRQHandler
                0x0000000008002f18                EXTI1_IRQHandler
                0x0000000008002f18                SDMMC2_IRQHandler
                0x0000000008002f18                UART7_IRQHandler
                0x0000000008002f18                USART2_IRQHandler
                0x0000000008002f18                DFSDM1_FLT0_IRQHandler
                0x0000000008002f18                I2C2_ER_IRQHandler
                0x0000000008002f18                DMA2_Stream1_IRQHandler
                0x0000000008002f18                CAN1_SCE_IRQHandler
                0x0000000008002f18                FLASH_IRQHandler
                0x0000000008002f18                DMA2_Stream4_IRQHandler
                0x0000000008002f18                USART1_IRQHandler
                0x0000000008002f18                OTG_FS_IRQHandler
                0x0000000008002f18                SPI3_IRQHandler
                0x0000000008002f18                DMA1_Stream4_IRQHandler
                0x0000000008002f18                I2C1_ER_IRQHandler
                0x0000000008002f18                FMC_IRQHandler
                0x0000000008002f18                LPTIM1_IRQHandler
                0x0000000008002f18                I2C4_ER_IRQHandler
                0x0000000008002f18                DMA2_Stream6_IRQHandler
                0x0000000008002f18                SAI1_IRQHandler
 .text.HAL_Init
                0x0000000008002f1a       0x1a ./Drivers/STM32F7xx_HAL_Driver/Src/stm32f7xx_hal.o
                0x0000000008002f1a                HAL_Init
 .text.HAL_InitTick
                0x0000000008002f34       0x60 ./Drivers/STM32F7xx_HAL_Driver/Src/stm32f7xx_hal.o
                0x0000000008002f34                HAL_InitTick
 .text.HAL_IncTick
                0x0000000008002f94       0x28 ./Drivers/STM32F7xx_HAL_Driver/Src/stm32f7xx_hal.o
                0x0000000008002f94                HAL_IncTick
 .text.HAL_GetTick
                0x0000000008002fbc       0x18 ./Drivers/STM32F7xx_HAL_Driver/Src/stm32f7xx_hal.o
                0x0000000008002fbc                HAL_GetTick
 .text.HAL_Delay
                0x0000000008002fd4       0x48 ./Drivers/STM32F7xx_HAL_Driver/Src/stm32f7xx_hal.o
                0x0000000008002fd4                HAL_Delay
 .text.HAL_CAN_Init
                0x000000000800301c      0x1f6 ./Drivers/STM32F7xx_HAL_Driver/Src/stm32f7xx_hal_can.o
                0x000000000800301c                HAL_CAN_Init
 *fill*         0x0000000008003212        0x2 
 .text.HAL_CAN_ConfigFilter
                0x0000000008003214      0x1d8 ./Drivers/STM32F7xx_HAL_Driver/Src/stm32f7xx_hal_can.o
                0x0000000008003214                HAL_CAN_ConfigFilter
 .text.HAL_CAN_Start
                0x00000000080033ec       0x88 ./Drivers/STM32F7xx_HAL_Driver/Src/stm32f7xx_hal_can.o
                0x00000000080033ec                HAL_CAN_Start
 .text.HAL_CAN_AddTxMessage
                0x0000000008003474      0x1a0 ./Drivers/STM32F7xx_HAL_Driver/Src/stm32f7xx_hal_can.o
                0x0000000008003474                HAL_CAN_AddTxMessage
 .text.HAL_CAN_GetTxMailboxesFreeLevel
                0x0000000008003614       0x6a ./Drivers/STM32F7xx_HAL_Driver/Src/stm32f7xx_hal_can.o
                0x0000000008003614                HAL_CAN_GetTxMailboxesFreeLevel
 .text.HAL_CAN_GetRxMessage
                0x000000000800367e      0x224 ./Drivers/STM32F7xx_HAL_Driver/Src/stm32f7xx_hal_can.o
                0x000000000800367e                HAL_CAN_GetRxMessage
 .text.HAL_CAN_ActivateNotification
                0x00000000080038a2       0x4c ./Drivers/STM32F7xx_HAL_Driver/Src/stm32f7xx_hal_can.o
                0x00000000080038a2                HAL_CAN_ActivateNotification
 .text.HAL_CAN_IRQHandler
                0x00000000080038ee      0x36e ./Drivers/STM32F7xx_HAL_Driver/Src/stm32f7xx_hal_can.o
                0x00000000080038ee                HAL_CAN_IRQHandler
 .text.HAL_CAN_RxFifo0FullCallback
                0x0000000008003c5c       0x14 ./Drivers/STM32F7xx_HAL_Driver/Src/stm32f7xx_hal_can.o
                0x0000000008003c5c                HAL_CAN_RxFifo0FullCallback
 .text.HAL_CAN_RxFifo1FullCallback
                0x0000000008003c70       0x14 ./Drivers/STM32F7xx_HAL_Driver/Src/stm32f7xx_hal_can.o
                0x0000000008003c70                HAL_CAN_RxFifo1FullCallback
 .text.HAL_CAN_SleepCallback
                0x0000000008003c84       0x14 ./Drivers/STM32F7xx_HAL_Driver/Src/stm32f7xx_hal_can.o
                0x0000000008003c84                HAL_CAN_SleepCallback
 .text.HAL_CAN_WakeUpFromRxMsgCallback
                0x0000000008003c98       0x14 ./Drivers/STM32F7xx_HAL_Driver/Src/stm32f7xx_hal_can.o
                0x0000000008003c98                HAL_CAN_WakeUpFromRxMsgCallback
 .text.HAL_CAN_ErrorCallback
                0x0000000008003cac       0x14 ./Drivers/STM32F7xx_HAL_Driver/Src/stm32f7xx_hal_can.o
                0x0000000008003cac                HAL_CAN_ErrorCallback
 .text.__NVIC_SetPriorityGrouping
                0x0000000008003cc0       0x48 ./Drivers/STM32F7xx_HAL_Driver/Src/stm32f7xx_hal_cortex.o
 .text.__NVIC_GetPriorityGrouping
                0x0000000008003d08       0x1c ./Drivers/STM32F7xx_HAL_Driver/Src/stm32f7xx_hal_cortex.o
 .text.__NVIC_EnableIRQ
                0x0000000008003d24       0x3c ./Drivers/STM32F7xx_HAL_Driver/Src/stm32f7xx_hal_cortex.o
 .text.__NVIC_SetPriority
                0x0000000008003d60       0x54 ./Drivers/STM32F7xx_HAL_Driver/Src/stm32f7xx_hal_cortex.o
 .text.NVIC_EncodePriority
                0x0000000008003db4       0x66 ./Drivers/STM32F7xx_HAL_Driver/Src/stm32f7xx_hal_cortex.o
 *fill*         0x0000000008003e1a        0x2 
 .text.SysTick_Config
                0x0000000008003e1c       0x44 ./Drivers/STM32F7xx_HAL_Driver/Src/stm32f7xx_hal_cortex.o
 .text.HAL_NVIC_SetPriorityGrouping
                0x0000000008003e60       0x16 ./Drivers/STM32F7xx_HAL_Driver/Src/stm32f7xx_hal_cortex.o
                0x0000000008003e60                HAL_NVIC_SetPriorityGrouping
 .text.HAL_NVIC_SetPriority
                0x0000000008003e76       0x38 ./Drivers/STM32F7xx_HAL_Driver/Src/stm32f7xx_hal_cortex.o
                0x0000000008003e76                HAL_NVIC_SetPriority
 .text.HAL_NVIC_EnableIRQ
                0x0000000008003eae       0x1c ./Drivers/STM32F7xx_HAL_Driver/Src/stm32f7xx_hal_cortex.o
                0x0000000008003eae                HAL_NVIC_EnableIRQ
 .text.HAL_SYSTICK_Config
                0x0000000008003eca       0x18 ./Drivers/STM32F7xx_HAL_Driver/Src/stm32f7xx_hal_cortex.o
                0x0000000008003eca                HAL_SYSTICK_Config
 *fill*         0x0000000008003ee2        0x2 
 .text.HAL_DMA_Init
                0x0000000008003ee4      0x15c ./Drivers/STM32F7xx_HAL_Driver/Src/stm32f7xx_hal_dma.o
                0x0000000008003ee4                HAL_DMA_Init
 .text.HAL_DMA_Abort
                0x0000000008004040       0xe0 ./Drivers/STM32F7xx_HAL_Driver/Src/stm32f7xx_hal_dma.o
                0x0000000008004040                HAL_DMA_Abort
 .text.HAL_DMA_Abort_IT
                0x0000000008004120       0x44 ./Drivers/STM32F7xx_HAL_Driver/Src/stm32f7xx_hal_dma.o
                0x0000000008004120                HAL_DMA_Abort_IT
 .text.HAL_DMA_IRQHandler
                0x0000000008004164      0x314 ./Drivers/STM32F7xx_HAL_Driver/Src/stm32f7xx_hal_dma.o
                0x0000000008004164                HAL_DMA_IRQHandler
 .text.DMA_CalcBaseAndBitshift
                0x0000000008004478       0x6c ./Drivers/STM32F7xx_HAL_Driver/Src/stm32f7xx_hal_dma.o
 .text.DMA_CheckFifoParam
                0x00000000080044e4       0xf8 ./Drivers/STM32F7xx_HAL_Driver/Src/stm32f7xx_hal_dma.o
 .text.HAL_ETH_Init
                0x00000000080045dc       0xf8 ./Drivers/STM32F7xx_HAL_Driver/Src/stm32f7xx_hal_eth.o
                0x00000000080045dc                HAL_ETH_Init
 .text.ETH_SetMACConfig
                0x00000000080046d4      0x160 ./Drivers/STM32F7xx_HAL_Driver/Src/stm32f7xx_hal_eth.o
 .text.ETH_SetDMAConfig
                0x0000000008004834      0x114 ./Drivers/STM32F7xx_HAL_Driver/Src/stm32f7xx_hal_eth.o
 .text.ETH_MACDMAConfig
                0x0000000008004948       0xe4 ./Drivers/STM32F7xx_HAL_Driver/Src/stm32f7xx_hal_eth.o
 .text.ETH_MACAddressConfig
                0x0000000008004a2c       0x70 ./Drivers/STM32F7xx_HAL_Driver/Src/stm32f7xx_hal_eth.o
 .text.ETH_DMATxDescListInit
                0x0000000008004a9c       0xb2 ./Drivers/STM32F7xx_HAL_Driver/Src/stm32f7xx_hal_eth.o
 .text.ETH_DMARxDescListInit
                0x0000000008004b4e       0xda ./Drivers/STM32F7xx_HAL_Driver/Src/stm32f7xx_hal_eth.o
 .text.HAL_GPIO_Init
                0x0000000008004c28      0x358 ./Drivers/STM32F7xx_HAL_Driver/Src/stm32f7xx_hal_gpio.o
                0x0000000008004c28                HAL_GPIO_Init
 .text.HAL_GPIO_WritePin
                0x0000000008004f80       0x32 ./Drivers/STM32F7xx_HAL_Driver/Src/stm32f7xx_hal_gpio.o
                0x0000000008004f80                HAL_GPIO_WritePin
 .text.HAL_PCD_Init
                0x0000000008004fb2      0x248 ./Drivers/STM32F7xx_HAL_Driver/Src/stm32f7xx_hal_pcd.o
                0x0000000008004fb2                HAL_PCD_Init
 *fill*         0x00000000080051fa        0x2 
 .text.HAL_PCDEx_ActivateLPM
                0x00000000080051fc       0x48 ./Drivers/STM32F7xx_HAL_Driver/Src/stm32f7xx_hal_pcd_ex.o
                0x00000000080051fc                HAL_PCDEx_ActivateLPM
 .text.HAL_PWR_EnableBkUpAccess
                0x0000000008005244       0x20 ./Drivers/STM32F7xx_HAL_Driver/Src/stm32f7xx_hal_pwr.o
                0x0000000008005244                HAL_PWR_EnableBkUpAccess
 .text.HAL_PWREx_EnableOverDrive
                0x0000000008005264       0xa0 ./Drivers/STM32F7xx_HAL_Driver/Src/stm32f7xx_hal_pwr_ex.o
                0x0000000008005264                HAL_PWREx_EnableOverDrive
 .text.HAL_RCC_OscConfig
                0x0000000008005304      0x55c ./Drivers/STM32F7xx_HAL_Driver/Src/stm32f7xx_hal_rcc.o
                0x0000000008005304                HAL_RCC_OscConfig
 .text.HAL_RCC_ClockConfig
                0x0000000008005860      0x1d8 ./Drivers/STM32F7xx_HAL_Driver/Src/stm32f7xx_hal_rcc.o
                0x0000000008005860                HAL_RCC_ClockConfig
 .text.HAL_RCC_GetSysClockFreq
                0x0000000008005a38      0x20c ./Drivers/STM32F7xx_HAL_Driver/Src/stm32f7xx_hal_rcc.o
                0x0000000008005a38                HAL_RCC_GetSysClockFreq
 .text.HAL_RCC_GetHCLKFreq
                0x0000000008005c44       0x18 ./Drivers/STM32F7xx_HAL_Driver/Src/stm32f7xx_hal_rcc.o
                0x0000000008005c44                HAL_RCC_GetHCLKFreq
 .text.HAL_RCC_GetPCLK1Freq
                0x0000000008005c5c       0x28 ./Drivers/STM32F7xx_HAL_Driver/Src/stm32f7xx_hal_rcc.o
                0x0000000008005c5c                HAL_RCC_GetPCLK1Freq
 .text.HAL_RCC_GetPCLK2Freq
                0x0000000008005c84       0x28 ./Drivers/STM32F7xx_HAL_Driver/Src/stm32f7xx_hal_rcc.o
                0x0000000008005c84                HAL_RCC_GetPCLK2Freq
 .text.HAL_RCCEx_PeriphCLKConfig
                0x0000000008005cac      0x850 ./Drivers/STM32F7xx_HAL_Driver/Src/stm32f7xx_hal_rcc_ex.o
                0x0000000008005cac                HAL_RCCEx_PeriphCLKConfig
 .text.HAL_UART_Init
                0x00000000080064fc       0x9c ./Drivers/STM32F7xx_HAL_Driver/Src/stm32f7xx_hal_uart.o
                0x00000000080064fc                HAL_UART_Init
 .text.HAL_UART_Transmit
                0x0000000008006598      0x106 ./Drivers/STM32F7xx_HAL_Driver/Src/stm32f7xx_hal_uart.o
                0x0000000008006598                HAL_UART_Transmit
 *fill*         0x000000000800669e        0x2 
 .text.HAL_UART_IRQHandler
                0x00000000080066a0      0x5d0 ./Drivers/STM32F7xx_HAL_Driver/Src/stm32f7xx_hal_uart.o
                0x00000000080066a0                HAL_UART_IRQHandler
 .text.HAL_UART_TxCpltCallback
                0x0000000008006c70       0x14 ./Drivers/STM32F7xx_HAL_Driver/Src/stm32f7xx_hal_uart.o
                0x0000000008006c70                HAL_UART_TxCpltCallback
 .text.HAL_UART_ErrorCallback
                0x0000000008006c84       0x14 ./Drivers/STM32F7xx_HAL_Driver/Src/stm32f7xx_hal_uart.o
                0x0000000008006c84                HAL_UART_ErrorCallback
 .text.HAL_UARTEx_RxEventCallback
                0x0000000008006c98       0x18 ./Drivers/STM32F7xx_HAL_Driver/Src/stm32f7xx_hal_uart.o
                0x0000000008006c98                HAL_UARTEx_RxEventCallback
 .text.HAL_UARTEx_WakeupCallback
                0x0000000008006cb0       0x14 ./Drivers/STM32F7xx_HAL_Driver/Src/stm32f7xx_hal_uart.o
                0x0000000008006cb0                HAL_UARTEx_WakeupCallback
 .text.UART_SetConfig
                0x0000000008006cc4      0x4c8 ./Drivers/STM32F7xx_HAL_Driver/Src/stm32f7xx_hal_uart.o
                0x0000000008006cc4                UART_SetConfig
 .text.UART_AdvFeatureConfig
                0x000000000800718c      0x144 ./Drivers/STM32F7xx_HAL_Driver/Src/stm32f7xx_hal_uart.o
                0x000000000800718c                UART_AdvFeatureConfig
 .text.UART_CheckIdleState
                0x00000000080072d0       0x9a ./Drivers/STM32F7xx_HAL_Driver/Src/stm32f7xx_hal_uart.o
                0x00000000080072d0                UART_CheckIdleState
 .text.UART_WaitOnFlagUntilTimeout
                0x000000000800736a      0x18c ./Drivers/STM32F7xx_HAL_Driver/Src/stm32f7xx_hal_uart.o
                0x000000000800736a                UART_WaitOnFlagUntilTimeout
 .text.UART_EndRxTransfer
                0x00000000080074f6       0xc8 ./Drivers/STM32F7xx_HAL_Driver/Src/stm32f7xx_hal_uart.o
 .text.UART_DMAAbortOnError
                0x00000000080075be       0x2c ./Drivers/STM32F7xx_HAL_Driver/Src/stm32f7xx_hal_uart.o
 .text.UART_EndTransmit_IT
                0x00000000080075ea       0x54 ./Drivers/STM32F7xx_HAL_Driver/Src/stm32f7xx_hal_uart.o
 *fill*         0x000000000800763e        0x2 
 .text.USB_CoreInit
                0x0000000008007640       0xb0 ./Drivers/STM32F7xx_HAL_Driver/Src/stm32f7xx_ll_usb.o
                0x0000000008007640                USB_CoreInit
 .text.USB_DisableGlobalInt
                0x00000000080076f0       0x22 ./Drivers/STM32F7xx_HAL_Driver/Src/stm32f7xx_ll_usb.o
                0x00000000080076f0                USB_DisableGlobalInt
 .text.USB_SetCurrentMode
                0x0000000008007712       0x98 ./Drivers/STM32F7xx_HAL_Driver/Src/stm32f7xx_ll_usb.o
                0x0000000008007712                USB_SetCurrentMode
 *fill*         0x00000000080077aa        0x2 
 .text.USB_DevInit
                0x00000000080077ac      0x2bc ./Drivers/STM32F7xx_HAL_Driver/Src/stm32f7xx_ll_usb.o
                0x00000000080077ac                USB_DevInit
 .text.USB_FlushTxFifo
                0x0000000008007a68       0x68 ./Drivers/STM32F7xx_HAL_Driver/Src/stm32f7xx_ll_usb.o
                0x0000000008007a68                USB_FlushTxFifo
 .text.USB_FlushRxFifo
                0x0000000008007ad0       0x60 ./Drivers/STM32F7xx_HAL_Driver/Src/stm32f7xx_ll_usb.o
                0x0000000008007ad0                USB_FlushRxFifo
 .text.USB_SetDevSpeed
                0x0000000008007b30       0x32 ./Drivers/STM32F7xx_HAL_Driver/Src/stm32f7xx_ll_usb.o
                0x0000000008007b30                USB_SetDevSpeed
 .text.USB_DevDisconnect
                0x0000000008007b62       0x42 ./Drivers/STM32F7xx_HAL_Driver/Src/stm32f7xx_ll_usb.o
                0x0000000008007b62                USB_DevDisconnect
 .text.USB_GetMode
                0x0000000008007ba4       0x1c ./Drivers/STM32F7xx_HAL_Driver/Src/stm32f7xx_ll_usb.o
                0x0000000008007ba4                USB_GetMode
 .text.USB_CoreReset
                0x0000000008007bc0       0x68 ./Drivers/STM32F7xx_HAL_Driver/Src/stm32f7xx_ll_usb.o
 .text.__errno  0x0000000008007c28        0xc c:/st/stm32cubeide_1.12.1/stm32cubeide/plugins/com.st.stm32cube.ide.mcu.externaltools.gnu-tools-for-stm32.10.3-2021.10.win32_1.0.200.202301161003/tools/bin/../lib/gcc/arm-none-eabi/10.3.1/../../../../arm-none-eabi/lib/thumb/v7e-m+dp/hard\libc_nano.a(lib_a-errno.o)
                0x0000000008007c28                __errno
 .text.__libc_init_array
                0x0000000008007c34       0x48 c:/st/stm32cubeide_1.12.1/stm32cubeide/plugins/com.st.stm32cube.ide.mcu.externaltools.gnu-tools-for-stm32.10.3-2021.10.win32_1.0.200.202301161003/tools/bin/../lib/gcc/arm-none-eabi/10.3.1/../../../../arm-none-eabi/lib/thumb/v7e-m+dp/hard\libc_nano.a(lib_a-init.o)
                0x0000000008007c34                __libc_init_array
 .text.memset   0x0000000008007c7c       0x10 c:/st/stm32cubeide_1.12.1/stm32cubeide/plugins/com.st.stm32cube.ide.mcu.externaltools.gnu-tools-for-stm32.10.3-2021.10.win32_1.0.200.202301161003/tools/bin/../lib/gcc/arm-none-eabi/10.3.1/../../../../arm-none-eabi/lib/thumb/v7e-m+dp/hard\libc_nano.a(lib_a-memset.o)
                0x0000000008007c7c                memset
 .text.printf   0x0000000008007c8c       0x30 c:/st/stm32cubeide_1.12.1/stm32cubeide/plugins/com.st.stm32cube.ide.mcu.externaltools.gnu-tools-for-stm32.10.3-2021.10.win32_1.0.200.202301161003/tools/bin/../lib/gcc/arm-none-eabi/10.3.1/../../../../arm-none-eabi/lib/thumb/v7e-m+dp/hard\libc_nano.a(lib_a-printf.o)
                0x0000000008007c8c                iprintf
                0x0000000008007c8c                printf
 .text._puts_r  0x0000000008007cbc       0xdc c:/st/stm32cubeide_1.12.1/stm32cubeide/plugins/com.st.stm32cube.ide.mcu.externaltools.gnu-tools-for-stm32.10.3-2021.10.win32_1.0.200.202301161003/tools/bin/../lib/gcc/arm-none-eabi/10.3.1/../../../../arm-none-eabi/lib/thumb/v7e-m+dp/hard\libc_nano.a(lib_a-puts.o)
                0x0000000008007cbc                _puts_r
 .text.puts     0x0000000008007d98       0x10 c:/st/stm32cubeide_1.12.1/stm32cubeide/plugins/com.st.stm32cube.ide.mcu.externaltools.gnu-tools-for-stm32.10.3-2021.10.win32_1.0.200.202301161003/tools/bin/../lib/gcc/arm-none-eabi/10.3.1/../../../../arm-none-eabi/lib/thumb/v7e-m+dp/hard\libc_nano.a(lib_a-puts.o)
                0x0000000008007d98                puts
 .text.__swbuf_r
                0x0000000008007da8       0xa4 c:/st/stm32cubeide_1.12.1/stm32cubeide/plugins/com.st.stm32cube.ide.mcu.externaltools.gnu-tools-for-stm32.10.3-2021.10.win32_1.0.200.202301161003/tools/bin/../lib/gcc/arm-none-eabi/10.3.1/../../../../arm-none-eabi/lib/thumb/v7e-m+dp/hard\libc_nano.a(lib_a-wbuf.o)
                0x0000000008007da8                __swbuf_r
 .text.__swsetup_r
                0x0000000008007e4c       0xdc c:/st/stm32cubeide_1.12.1/stm32cubeide/plugins/com.st.stm32cube.ide.mcu.externaltools.gnu-tools-for-stm32.10.3-2021.10.win32_1.0.200.202301161003/tools/bin/../lib/gcc/arm-none-eabi/10.3.1/../../../../arm-none-eabi/lib/thumb/v7e-m+dp/hard\libc_nano.a(lib_a-wsetup.o)
                0x0000000008007e4c                __swsetup_r
 .text.__sflush_r
                0x0000000008007f28      0x10c c:/st/stm32cubeide_1.12.1/stm32cubeide/plugins/com.st.stm32cube.ide.mcu.externaltools.gnu-tools-for-stm32.10.3-2021.10.win32_1.0.200.202301161003/tools/bin/../lib/gcc/arm-none-eabi/10.3.1/../../../../arm-none-eabi/lib/thumb/v7e-m+dp/hard\libc_nano.a(lib_a-fflush.o)
                0x0000000008007f28                __sflush_r
 .text._fflush_r
                0x0000000008008034       0x78 c:/st/stm32cubeide_1.12.1/stm32cubeide/plugins/com.st.stm32cube.ide.mcu.externaltools.gnu-tools-for-stm32.10.3-2021.10.win32_1.0.200.202301161003/tools/bin/../lib/gcc/arm-none-eabi/10.3.1/../../../../arm-none-eabi/lib/thumb/v7e-m+dp/hard\libc_nano.a(lib_a-fflush.o)
                0x0000000008008034                _fflush_r
 .text.std      0x00000000080080ac       0x48 c:/st/stm32cubeide_1.12.1/stm32cubeide/plugins/com.st.stm32cube.ide.mcu.externaltools.gnu-tools-for-stm32.10.3-2021.10.win32_1.0.200.202301161003/tools/bin/../lib/gcc/arm-none-eabi/10.3.1/../../../../arm-none-eabi/lib/thumb/v7e-m+dp/hard\libc_nano.a(lib_a-findfp.o)
 .text._cleanup_r
                0x00000000080080f4        0xc c:/st/stm32cubeide_1.12.1/stm32cubeide/plugins/com.st.stm32cube.ide.mcu.externaltools.gnu-tools-for-stm32.10.3-2021.10.win32_1.0.200.202301161003/tools/bin/../lib/gcc/arm-none-eabi/10.3.1/../../../../arm-none-eabi/lib/thumb/v7e-m+dp/hard\libc_nano.a(lib_a-findfp.o)
                0x00000000080080f4                _cleanup_r
 .text.__sfmoreglue
                0x0000000008008100       0x2c c:/st/stm32cubeide_1.12.1/stm32cubeide/plugins/com.st.stm32cube.ide.mcu.externaltools.gnu-tools-for-stm32.10.3-2021.10.win32_1.0.200.202301161003/tools/bin/../lib/gcc/arm-none-eabi/10.3.1/../../../../arm-none-eabi/lib/thumb/v7e-m+dp/hard\libc_nano.a(lib_a-findfp.o)
                0x0000000008008100                __sfmoreglue
 .text.__sfp_lock_acquire
                0x000000000800812c        0xc c:/st/stm32cubeide_1.12.1/stm32cubeide/plugins/com.st.stm32cube.ide.mcu.externaltools.gnu-tools-for-stm32.10.3-2021.10.win32_1.0.200.202301161003/tools/bin/../lib/gcc/arm-none-eabi/10.3.1/../../../../arm-none-eabi/lib/thumb/v7e-m+dp/hard\libc_nano.a(lib_a-findfp.o)
                0x000000000800812c                __sfp_lock_acquire
 .text.__sfp_lock_release
                0x0000000008008138        0xc c:/st/stm32cubeide_1.12.1/stm32cubeide/plugins/com.st.stm32cube.ide.mcu.externaltools.gnu-tools-for-stm32.10.3-2021.10.win32_1.0.200.202301161003/tools/bin/../lib/gcc/arm-none-eabi/10.3.1/../../../../arm-none-eabi/lib/thumb/v7e-m+dp/hard\libc_nano.a(lib_a-findfp.o)
                0x0000000008008138                __sfp_lock_release
 .text.__sinit_lock_acquire
                0x0000000008008144        0xc c:/st/stm32cubeide_1.12.1/stm32cubeide/plugins/com.st.stm32cube.ide.mcu.externaltools.gnu-tools-for-stm32.10.3-2021.10.win32_1.0.200.202301161003/tools/bin/../lib/gcc/arm-none-eabi/10.3.1/../../../../arm-none-eabi/lib/thumb/v7e-m+dp/hard\libc_nano.a(lib_a-findfp.o)
                0x0000000008008144                __sinit_lock_acquire
 .text.__sinit_lock_release
                0x0000000008008150        0xc c:/st/stm32cubeide_1.12.1/stm32cubeide/plugins/com.st.stm32cube.ide.mcu.externaltools.gnu-tools-for-stm32.10.3-2021.10.win32_1.0.200.202301161003/tools/bin/../lib/gcc/arm-none-eabi/10.3.1/../../../../arm-none-eabi/lib/thumb/v7e-m+dp/hard\libc_nano.a(lib_a-findfp.o)
                0x0000000008008150                __sinit_lock_release
 .text.__sinit  0x000000000800815c       0x70 c:/st/stm32cubeide_1.12.1/stm32cubeide/plugins/com.st.stm32cube.ide.mcu.externaltools.gnu-tools-for-stm32.10.3-2021.10.win32_1.0.200.202301161003/tools/bin/../lib/gcc/arm-none-eabi/10.3.1/../../../../arm-none-eabi/lib/thumb/v7e-m+dp/hard\libc_nano.a(lib_a-findfp.o)
                0x000000000800815c                __sinit
 .text.__sfp    0x00000000080081cc       0x8c c:/st/stm32cubeide_1.12.1/stm32cubeide/plugins/com.st.stm32cube.ide.mcu.externaltools.gnu-tools-for-stm32.10.3-2021.10.win32_1.0.200.202301161003/tools/bin/../lib/gcc/arm-none-eabi/10.3.1/../../../../arm-none-eabi/lib/thumb/v7e-m+dp/hard\libc_nano.a(lib_a-findfp.o)
                0x00000000080081cc                __sfp
 .text._fwalk_reent
                0x0000000008008258       0x3e c:/st/stm32cubeide_1.12.1/stm32cubeide/plugins/com.st.stm32cube.ide.mcu.externaltools.gnu-tools-for-stm32.10.3-2021.10.win32_1.0.200.202301161003/tools/bin/../lib/gcc/arm-none-eabi/10.3.1/../../../../arm-none-eabi/lib/thumb/v7e-m+dp/hard\libc_nano.a(lib_a-fwalk.o)
                0x0000000008008258                _fwalk_reent
 .text.__retarget_lock_init_recursive
                0x0000000008008296        0x2 c:/st/stm32cubeide_1.12.1/stm32cubeide/plugins/com.st.stm32cube.ide.mcu.externaltools.gnu-tools-for-stm32.10.3-2021.10.win32_1.0.200.202301161003/tools/bin/../lib/gcc/arm-none-eabi/10.3.1/../../../../arm-none-eabi/lib/thumb/v7e-m+dp/hard\libc_nano.a(lib_a-lock.o)
                0x0000000008008296                __retarget_lock_init_recursive
 .text.__retarget_lock_acquire_recursive
                0x0000000008008298        0x2 c:/st/stm32cubeide_1.12.1/stm32cubeide/plugins/com.st.stm32cube.ide.mcu.externaltools.gnu-tools-for-stm32.10.3-2021.10.win32_1.0.200.202301161003/tools/bin/../lib/gcc/arm-none-eabi/10.3.1/../../../../arm-none-eabi/lib/thumb/v7e-m+dp/hard\libc_nano.a(lib_a-lock.o)
                0x0000000008008298                __retarget_lock_acquire_recursive
 .text.__retarget_lock_release_recursive
                0x000000000800829a        0x2 c:/st/stm32cubeide_1.12.1/stm32cubeide/plugins/com.st.stm32cube.ide.mcu.externaltools.gnu-tools-for-stm32.10.3-2021.10.win32_1.0.200.202301161003/tools/bin/../lib/gcc/arm-none-eabi/10.3.1/../../../../arm-none-eabi/lib/thumb/v7e-m+dp/hard\libc_nano.a(lib_a-lock.o)
                0x000000000800829a                __retarget_lock_release_recursive
 .text.__swhatbuf_r
                0x000000000800829c       0x4a c:/st/stm32cubeide_1.12.1/stm32cubeide/plugins/com.st.stm32cube.ide.mcu.externaltools.gnu-tools-for-stm32.10.3-2021.10.win32_1.0.200.202301161003/tools/bin/../lib/gcc/arm-none-eabi/10.3.1/../../../../arm-none-eabi/lib/thumb/v7e-m+dp/hard\libc_nano.a(lib_a-makebuf.o)
                0x000000000800829c                __swhatbuf_r
 *fill*         0x00000000080082e6        0x2 
 .text.__smakebuf_r
                0x00000000080082e8       0x80 c:/st/stm32cubeide_1.12.1/stm32cubeide/plugins/com.st.stm32cube.ide.mcu.externaltools.gnu-tools-for-stm32.10.3-2021.10.win32_1.0.200.202301161003/tools/bin/../lib/gcc/arm-none-eabi/10.3.1/../../../../arm-none-eabi/lib/thumb/v7e-m+dp/hard\libc_nano.a(lib_a-makebuf.o)
                0x00000000080082e8                __smakebuf_r
 .text._free_r  0x0000000008008368       0x98 c:/st/stm32cubeide_1.12.1/stm32cubeide/plugins/com.st.stm32cube.ide.mcu.externaltools.gnu-tools-for-stm32.10.3-2021.10.win32_1.0.200.202301161003/tools/bin/../lib/gcc/arm-none-eabi/10.3.1/../../../../arm-none-eabi/lib/thumb/v7e-m+dp/hard\libc_nano.a(lib_a-nano-freer.o)
                0x0000000008008368                _free_r
 .text.sbrk_aligned
                0x0000000008008400       0x40 c:/st/stm32cubeide_1.12.1/stm32cubeide/plugins/com.st.stm32cube.ide.mcu.externaltools.gnu-tools-for-stm32.10.3-2021.10.win32_1.0.200.202301161003/tools/bin/../lib/gcc/arm-none-eabi/10.3.1/../../../../arm-none-eabi/lib/thumb/v7e-m+dp/hard\libc_nano.a(lib_a-nano-mallocr.o)
 .text._malloc_r
                0x0000000008008440       0xe8 c:/st/stm32cubeide_1.12.1/stm32cubeide/plugins/com.st.stm32cube.ide.mcu.externaltools.gnu-tools-for-stm32.10.3-2021.10.win32_1.0.200.202301161003/tools/bin/../lib/gcc/arm-none-eabi/10.3.1/../../../../arm-none-eabi/lib/thumb/v7e-m+dp/hard\libc_nano.a(lib_a-nano-mallocr.o)
                0x0000000008008440                _malloc_r
 .text.__sfputc_r
                0x0000000008008528       0x2e c:/st/stm32cubeide_1.12.1/stm32cubeide/plugins/com.st.stm32cube.ide.mcu.externaltools.gnu-tools-for-stm32.10.3-2021.10.win32_1.0.200.202301161003/tools/bin/../lib/gcc/arm-none-eabi/10.3.1/../../../../arm-none-eabi/lib/thumb/v7e-m+dp/hard\libc_nano.a(lib_a-nano-vfprintf.o)
 .text.__sfputs_r
                0x0000000008008556       0x24 c:/st/stm32cubeide_1.12.1/stm32cubeide/plugins/com.st.stm32cube.ide.mcu.externaltools.gnu-tools-for-stm32.10.3-2021.10.win32_1.0.200.202301161003/tools/bin/../lib/gcc/arm-none-eabi/10.3.1/../../../../arm-none-eabi/lib/thumb/v7e-m+dp/hard\libc_nano.a(lib_a-nano-vfprintf.o)
                0x0000000008008556                __sfputs_r
 *fill*         0x000000000800857a        0x2 
 .text._vfprintf_r
                0x000000000800857c      0x260 c:/st/stm32cubeide_1.12.1/stm32cubeide/plugins/com.st.stm32cube.ide.mcu.externaltools.gnu-tools-for-stm32.10.3-2021.10.win32_1.0.200.202301161003/tools/bin/../lib/gcc/arm-none-eabi/10.3.1/../../../../arm-none-eabi/lib/thumb/v7e-m+dp/hard\libc_nano.a(lib_a-nano-vfprintf.o)
                0x000000000800857c                _vfprintf_r
                0x000000000800857c                _vfiprintf_r
 .text._printf_common
                0x00000000080087dc       0xda c:/st/stm32cubeide_1.12.1/stm32cubeide/plugins/com.st.stm32cube.ide.mcu.externaltools.gnu-tools-for-stm32.10.3-2021.10.win32_1.0.200.202301161003/tools/bin/../lib/gcc/arm-none-eabi/10.3.1/../../../../arm-none-eabi/lib/thumb/v7e-m+dp/hard\libc_nano.a(lib_a-nano-vfprintf_i.o)
                0x00000000080087dc                _printf_common
 *fill*         0x00000000080088b6        0x2 
 .text._printf_i
                0x00000000080088b8      0x24c c:/st/stm32cubeide_1.12.1/stm32cubeide/plugins/com.st.stm32cube.ide.mcu.externaltools.gnu-tools-for-stm32.10.3-2021.10.win32_1.0.200.202301161003/tools/bin/../lib/gcc/arm-none-eabi/10.3.1/../../../../arm-none-eabi/lib/thumb/v7e-m+dp/hard\libc_nano.a(lib_a-nano-vfprintf_i.o)
                0x00000000080088b8                _printf_i
 .text._sbrk_r  0x0000000008008b04       0x20 c:/st/stm32cubeide_1.12.1/stm32cubeide/plugins/com.st.stm32cube.ide.mcu.externaltools.gnu-tools-for-stm32.10.3-2021.10.win32_1.0.200.202301161003/tools/bin/../lib/gcc/arm-none-eabi/10.3.1/../../../../arm-none-eabi/lib/thumb/v7e-m+dp/hard\libc_nano.a(lib_a-sbrkr.o)
                0x0000000008008b04                _sbrk_r
 .text.__sread  0x0000000008008b24       0x22 c:/st/stm32cubeide_1.12.1/stm32cubeide/plugins/com.st.stm32cube.ide.mcu.externaltools.gnu-tools-for-stm32.10.3-2021.10.win32_1.0.200.202301161003/tools/bin/../lib/gcc/arm-none-eabi/10.3.1/../../../../arm-none-eabi/lib/thumb/v7e-m+dp/hard\libc_nano.a(lib_a-stdio.o)
                0x0000000008008b24                __sread
 .text.__swrite
                0x0000000008008b46       0x38 c:/st/stm32cubeide_1.12.1/stm32cubeide/plugins/com.st.stm32cube.ide.mcu.externaltools.gnu-tools-for-stm32.10.3-2021.10.win32_1.0.200.202301161003/tools/bin/../lib/gcc/arm-none-eabi/10.3.1/../../../../arm-none-eabi/lib/thumb/v7e-m+dp/hard\libc_nano.a(lib_a-stdio.o)
                0x0000000008008b46                __swrite
 .text.__sseek  0x0000000008008b7e       0x24 c:/st/stm32cubeide_1.12.1/stm32cubeide/plugins/com.st.stm32cube.ide.mcu.externaltools.gnu-tools-for-stm32.10.3-2021.10.win32_1.0.200.202301161003/tools/bin/../lib/gcc/arm-none-eabi/10.3.1/../../../../arm-none-eabi/lib/thumb/v7e-m+dp/hard\libc_nano.a(lib_a-stdio.o)
                0x0000000008008b7e                __sseek
 .text.__sclose
                0x0000000008008ba2        0x8 c:/st/stm32cubeide_1.12.1/stm32cubeide/plugins/com.st.stm32cube.ide.mcu.externaltools.gnu-tools-for-stm32.10.3-2021.10.win32_1.0.200.202301161003/tools/bin/../lib/gcc/arm-none-eabi/10.3.1/../../../../arm-none-eabi/lib/thumb/v7e-m+dp/hard\libc_nano.a(lib_a-stdio.o)
                0x0000000008008ba2                __sclose
 *fill*         0x0000000008008baa        0x2 
 .text._write_r
                0x0000000008008bac       0x24 c:/st/stm32cubeide_1.12.1/stm32cubeide/plugins/com.st.stm32cube.ide.mcu.externaltools.gnu-tools-for-stm32.10.3-2021.10.win32_1.0.200.202301161003/tools/bin/../lib/gcc/arm-none-eabi/10.3.1/../../../../arm-none-eabi/lib/thumb/v7e-m+dp/hard\libc_nano.a(lib_a-writer.o)
                0x0000000008008bac                _write_r
 .text._close_r
                0x0000000008008bd0       0x20 c:/st/stm32cubeide_1.12.1/stm32cubeide/plugins/com.st.stm32cube.ide.mcu.externaltools.gnu-tools-for-stm32.10.3-2021.10.win32_1.0.200.202301161003/tools/bin/../lib/gcc/arm-none-eabi/10.3.1/../../../../arm-none-eabi/lib/thumb/v7e-m+dp/hard\libc_nano.a(lib_a-closer.o)
                0x0000000008008bd0                _close_r
 .text._fstat_r
                0x0000000008008bf0       0x24 c:/st/stm32cubeide_1.12.1/stm32cubeide/plugins/com.st.stm32cube.ide.mcu.externaltools.gnu-tools-for-stm32.10.3-2021.10.win32_1.0.200.202301161003/tools/bin/../lib/gcc/arm-none-eabi/10.3.1/../../../../arm-none-eabi/lib/thumb/v7e-m+dp/hard\libc_nano.a(lib_a-fstatr.o)
                0x0000000008008bf0                _fstat_r
 .text._isatty_r
                0x0000000008008c14       0x20 c:/st/stm32cubeide_1.12.1/stm32cubeide/plugins/com.st.stm32cube.ide.mcu.externaltools.gnu-tools-for-stm32.10.3-2021.10.win32_1.0.200.202301161003/tools/bin/../lib/gcc/arm-none-eabi/10.3.1/../../../../arm-none-eabi/lib/thumb/v7e-m+dp/hard\libc_nano.a(lib_a-isattyr.o)
                0x0000000008008c14                _isatty_r
 .text._lseek_r
                0x0000000008008c34       0x24 c:/st/stm32cubeide_1.12.1/stm32cubeide/plugins/com.st.stm32cube.ide.mcu.externaltools.gnu-tools-for-stm32.10.3-2021.10.win32_1.0.200.202301161003/tools/bin/../lib/gcc/arm-none-eabi/10.3.1/../../../../arm-none-eabi/lib/thumb/v7e-m+dp/hard\libc_nano.a(lib_a-lseekr.o)
                0x0000000008008c34                _lseek_r
 .text.__malloc_lock
                0x0000000008008c58        0xc c:/st/stm32cubeide_1.12.1/stm32cubeide/plugins/com.st.stm32cube.ide.mcu.externaltools.gnu-tools-for-stm32.10.3-2021.10.win32_1.0.200.202301161003/tools/bin/../lib/gcc/arm-none-eabi/10.3.1/../../../../arm-none-eabi/lib/thumb/v7e-m+dp/hard\libc_nano.a(lib_a-mlock.o)
                0x0000000008008c58                __malloc_lock
 .text.__malloc_unlock
                0x0000000008008c64        0xc c:/st/stm32cubeide_1.12.1/stm32cubeide/plugins/com.st.stm32cube.ide.mcu.externaltools.gnu-tools-for-stm32.10.3-2021.10.win32_1.0.200.202301161003/tools/bin/../lib/gcc/arm-none-eabi/10.3.1/../../../../arm-none-eabi/lib/thumb/v7e-m+dp/hard\libc_nano.a(lib_a-mlock.o)
                0x0000000008008c64                __malloc_unlock
 .text._read_r  0x0000000008008c70       0x24 c:/st/stm32cubeide_1.12.1/stm32cubeide/plugins/com.st.stm32cube.ide.mcu.externaltools.gnu-tools-for-stm32.10.3-2021.10.win32_1.0.200.202301161003/tools/bin/../lib/gcc/arm-none-eabi/10.3.1/../../../../arm-none-eabi/lib/thumb/v7e-m+dp/hard\libc_nano.a(lib_a-readr.o)
                0x0000000008008c70                _read_r
 *(.glue_7)
 .glue_7        0x0000000008008c94        0x0 linker stubs
 *(.glue_7t)
 .glue_7t       0x0000000008008c94        0x0 linker stubs
 *(.eh_frame)
 .eh_frame      0x0000000008008c94        0x0 c:/st/stm32cubeide_1.12.1/stm32cubeide/plugins/com.st.stm32cube.ide.mcu.externaltools.gnu-tools-for-stm32.10.3-2021.10.win32_1.0.200.202301161003/tools/bin/../lib/gcc/arm-none-eabi/10.3.1/thumb/v7e-m+dp/hard/crtbegin.o
 *(.init)
 .init          0x0000000008008c94        0x4 c:/st/stm32cubeide_1.12.1/stm32cubeide/plugins/com.st.stm32cube.ide.mcu.externaltools.gnu-tools-for-stm32.10.3-2021.10.win32_1.0.200.202301161003/tools/bin/../lib/gcc/arm-none-eabi/10.3.1/thumb/v7e-m+dp/hard/crti.o
                0x0000000008008c94                _init
 .init          0x0000000008008c98        0x8 c:/st/stm32cubeide_1.12.1/stm32cubeide/plugins/com.st.stm32cube.ide.mcu.externaltools.gnu-tools-for-stm32.10.3-2021.10.win32_1.0.200.202301161003/tools/bin/../lib/gcc/arm-none-eabi/10.3.1/thumb/v7e-m+dp/hard/crtn.o
 *(.fini)
 .fini          0x0000000008008ca0        0x4 c:/st/stm32cubeide_1.12.1/stm32cubeide/plugins/com.st.stm32cube.ide.mcu.externaltools.gnu-tools-for-stm32.10.3-2021.10.win32_1.0.200.202301161003/tools/bin/../lib/gcc/arm-none-eabi/10.3.1/thumb/v7e-m+dp/hard/crti.o
                0x0000000008008ca0                _fini
 .fini          0x0000000008008ca4        0x8 c:/st/stm32cubeide_1.12.1/stm32cubeide/plugins/com.st.stm32cube.ide.mcu.externaltools.gnu-tools-for-stm32.10.3-2021.10.win32_1.0.200.202301161003/tools/bin/../lib/gcc/arm-none-eabi/10.3.1/thumb/v7e-m+dp/hard/crtn.o
                0x0000000008008cac                . = ALIGN (0x4)
                0x0000000008008cac                _etext = .

.vfp11_veneer   0x0000000008008cac        0x0
 .vfp11_veneer  0x0000000008008cac        0x0 linker stubs

.v4_bx          0x0000000008008cac        0x0
 .v4_bx         0x0000000008008cac        0x0 linker stubs

.iplt           0x0000000008008cac        0x0
 .iplt          0x0000000008008cac        0x0 c:/st/stm32cubeide_1.12.1/stm32cubeide/plugins/com.st.stm32cube.ide.mcu.externaltools.gnu-tools-for-stm32.10.3-2021.10.win32_1.0.200.202301161003/tools/bin/../lib/gcc/arm-none-eabi/10.3.1/thumb/v7e-m+dp/hard/crtbegin.o

.rodata         0x0000000008008cac      0x358
                0x0000000008008cac                . = ALIGN (0x4)
 *(.rodata)
 .rodata        0x0000000008008cac       0xf6 ./CANLib/CAN_Main/CAN_Main.o
 *fill*         0x0000000008008da2        0x2 
 .rodata        0x0000000008008da4       0x5a ./CANLib_RoboMas/CAN_C620/CAN_C620.o
 *fill*         0x0000000008008dfe        0x2 
 .rodata        0x0000000008008e00       0x74 ./CANLib_RoboMas/CAN_C620_System/CAN_C620_System.o
 .rodata        0x0000000008008e74       0xd7 ./Core/Src/main.o
 *(.rodata*)
 *fill*         0x0000000008008f4b        0x1 
 .rodata.AHBPrescTable
                0x0000000008008f4c       0x10 ./Core/Src/system_stm32f7xx.o
                0x0000000008008f4c                AHBPrescTable
 .rodata.APBPrescTable
                0x0000000008008f5c        0x8 ./Core/Src/system_stm32f7xx.o
                0x0000000008008f5c                APBPrescTable
 .rodata.flagBitshiftOffset.0
                0x0000000008008f64        0x8 ./Drivers/STM32F7xx_HAL_Driver/Src/stm32f7xx_hal_dma.o
 .rodata._global_impure_ptr
                0x0000000008008f6c        0x4 c:/st/stm32cubeide_1.12.1/stm32cubeide/plugins/com.st.stm32cube.ide.mcu.externaltools.gnu-tools-for-stm32.10.3-2021.10.win32_1.0.200.202301161003/tools/bin/../lib/gcc/arm-none-eabi/10.3.1/../../../../arm-none-eabi/lib/thumb/v7e-m+dp/hard\libc_nano.a(lib_a-impure.o)
                0x0000000008008f6c                _global_impure_ptr
 .rodata.__sf_fake_stderr
                0x0000000008008f70       0x20 c:/st/stm32cubeide_1.12.1/stm32cubeide/plugins/com.st.stm32cube.ide.mcu.externaltools.gnu-tools-for-stm32.10.3-2021.10.win32_1.0.200.202301161003/tools/bin/../lib/gcc/arm-none-eabi/10.3.1/../../../../arm-none-eabi/lib/thumb/v7e-m+dp/hard\libc_nano.a(lib_a-findfp.o)
                0x0000000008008f70                __sf_fake_stderr
 .rodata.__sf_fake_stdin
                0x0000000008008f90       0x20 c:/st/stm32cubeide_1.12.1/stm32cubeide/plugins/com.st.stm32cube.ide.mcu.externaltools.gnu-tools-for-stm32.10.3-2021.10.win32_1.0.200.202301161003/tools/bin/../lib/gcc/arm-none-eabi/10.3.1/../../../../arm-none-eabi/lib/thumb/v7e-m+dp/hard\libc_nano.a(lib_a-findfp.o)
                0x0000000008008f90                __sf_fake_stdin
 .rodata.__sf_fake_stdout
                0x0000000008008fb0       0x20 c:/st/stm32cubeide_1.12.1/stm32cubeide/plugins/com.st.stm32cube.ide.mcu.externaltools.gnu-tools-for-stm32.10.3-2021.10.win32_1.0.200.202301161003/tools/bin/../lib/gcc/arm-none-eabi/10.3.1/../../../../arm-none-eabi/lib/thumb/v7e-m+dp/hard\libc_nano.a(lib_a-findfp.o)
                0x0000000008008fb0                __sf_fake_stdout
 .rodata._vfprintf_r.str1.1
                0x0000000008008fd0       0x11 c:/st/stm32cubeide_1.12.1/stm32cubeide/plugins/com.st.stm32cube.ide.mcu.externaltools.gnu-tools-for-stm32.10.3-2021.10.win32_1.0.200.202301161003/tools/bin/../lib/gcc/arm-none-eabi/10.3.1/../../../../arm-none-eabi/lib/thumb/v7e-m+dp/hard\libc_nano.a(lib_a-nano-vfprintf.o)
 .rodata._printf_i.str1.1
                0x0000000008008fe1       0x22 c:/st/stm32cubeide_1.12.1/stm32cubeide/plugins/com.st.stm32cube.ide.mcu.externaltools.gnu-tools-for-stm32.10.3-2021.10.win32_1.0.200.202301161003/tools/bin/../lib/gcc/arm-none-eabi/10.3.1/../../../../arm-none-eabi/lib/thumb/v7e-m+dp/hard\libc_nano.a(lib_a-nano-vfprintf_i.o)
                0x0000000008009004                . = ALIGN (0x4)
 *fill*         0x0000000008009003        0x1 

.ARM.extab      0x0000000008009004        0x0
                0x0000000008009004                . = ALIGN (0x4)
 *(.ARM.extab* .gnu.linkonce.armextab.*)
                0x0000000008009004                . = ALIGN (0x4)

.ARM            0x0000000008009004        0x8
                0x0000000008009004                . = ALIGN (0x4)
                0x0000000008009004                __exidx_start = .
 *(.ARM.exidx*)
 .ARM.exidx     0x0000000008009004        0x8 c:/st/stm32cubeide_1.12.1/stm32cubeide/plugins/com.st.stm32cube.ide.mcu.externaltools.gnu-tools-for-stm32.10.3-2021.10.win32_1.0.200.202301161003/tools/bin/../lib/gcc/arm-none-eabi/10.3.1/thumb/v7e-m+dp/hard\libgcc.a(_udivmoddi4.o)
                0x000000000800900c                __exidx_end = .
                0x000000000800900c                . = ALIGN (0x4)

.rel.dyn        0x000000000800900c        0x0
 .rel.iplt      0x000000000800900c        0x0 c:/st/stm32cubeide_1.12.1/stm32cubeide/plugins/com.st.stm32cube.ide.mcu.externaltools.gnu-tools-for-stm32.10.3-2021.10.win32_1.0.200.202301161003/tools/bin/../lib/gcc/arm-none-eabi/10.3.1/thumb/v7e-m+dp/hard/crtbegin.o

.preinit_array  0x000000000800900c        0x0
                0x000000000800900c                . = ALIGN (0x4)
                0x000000000800900c                PROVIDE (__preinit_array_start = .)
 *(.preinit_array*)
                0x000000000800900c                PROVIDE (__preinit_array_end = .)
                0x000000000800900c                . = ALIGN (0x4)

.init_array     0x000000000800900c        0x4
                0x000000000800900c                . = ALIGN (0x4)
                0x000000000800900c                PROVIDE (__init_array_start = .)
 *(SORT_BY_NAME(.init_array.*))
 *(.init_array*)
 .init_array    0x000000000800900c        0x4 c:/st/stm32cubeide_1.12.1/stm32cubeide/plugins/com.st.stm32cube.ide.mcu.externaltools.gnu-tools-for-stm32.10.3-2021.10.win32_1.0.200.202301161003/tools/bin/../lib/gcc/arm-none-eabi/10.3.1/thumb/v7e-m+dp/hard/crtbegin.o
                0x0000000008009010                PROVIDE (__init_array_end = .)
                0x0000000008009010                . = ALIGN (0x4)

.fini_array     0x0000000008009010        0x4
                0x0000000008009010                . = ALIGN (0x4)
                [!provide]                        PROVIDE (__fini_array_start = .)
 *(SORT_BY_NAME(.fini_array.*))
 *(.fini_array*)
 .fini_array    0x0000000008009010        0x4 c:/st/stm32cubeide_1.12.1/stm32cubeide/plugins/com.st.stm32cube.ide.mcu.externaltools.gnu-tools-for-stm32.10.3-2021.10.win32_1.0.200.202301161003/tools/bin/../lib/gcc/arm-none-eabi/10.3.1/thumb/v7e-m+dp/hard/crtbegin.o
                [!provide]                        PROVIDE (__fini_array_end = .)
                0x0000000008009014                . = ALIGN (0x4)
                0x0000000008009014                _sidata = LOADADDR (.data)

.data           0x0000000020000000       0x74 load address 0x0000000008009014
                0x0000000020000000                . = ALIGN (0x4)
                0x0000000020000000                _sdata = .
 *(.data)
 *(.data*)
 .data.num_of_c620
                0x0000000020000000        0x1 ./Core/Src/main.o
                0x0000000020000000                num_of_c620
 *fill*         0x0000000020000001        0x3 
 .data.SystemCoreClock
                0x0000000020000004        0x4 ./Core/Src/system_stm32f7xx.o
                0x0000000020000004                SystemCoreClock
 .data.uwTickPrio
                0x0000000020000008        0x4 ./Drivers/STM32F7xx_HAL_Driver/Src/stm32f7xx_hal.o
                0x0000000020000008                uwTickPrio
 .data.uwTickFreq
                0x000000002000000c        0x1 ./Drivers/STM32F7xx_HAL_Driver/Src/stm32f7xx_hal.o
                0x000000002000000c                uwTickFreq
 *fill*         0x000000002000000d        0x3 
 .data._impure_ptr
                0x0000000020000010        0x4 c:/st/stm32cubeide_1.12.1/stm32cubeide/plugins/com.st.stm32cube.ide.mcu.externaltools.gnu-tools-for-stm32.10.3-2021.10.win32_1.0.200.202301161003/tools/bin/../lib/gcc/arm-none-eabi/10.3.1/../../../../arm-none-eabi/lib/thumb/v7e-m+dp/hard\libc_nano.a(lib_a-impure.o)
                0x0000000020000010                _impure_ptr
 .data.impure_data
                0x0000000020000014       0x60 c:/st/stm32cubeide_1.12.1/stm32cubeide/plugins/com.st.stm32cube.ide.mcu.externaltools.gnu-tools-for-stm32.10.3-2021.10.win32_1.0.200.202301161003/tools/bin/../lib/gcc/arm-none-eabi/10.3.1/../../../../arm-none-eabi/lib/thumb/v7e-m+dp/hard\libc_nano.a(lib_a-impure.o)
 *(.RamFunc)
 *(.RamFunc*)
                0x0000000020000074                . = ALIGN (0x4)
                0x0000000020000074                _edata = .

.igot.plt       0x0000000020000074        0x0 load address 0x0000000008009088
 .igot.plt      0x0000000020000074        0x0 c:/st/stm32cubeide_1.12.1/stm32cubeide/plugins/com.st.stm32cube.ide.mcu.externaltools.gnu-tools-for-stm32.10.3-2021.10.win32_1.0.200.202301161003/tools/bin/../lib/gcc/arm-none-eabi/10.3.1/thumb/v7e-m+dp/hard/crtbegin.o

.RxDecripSection
                0x0000000020000074       0xa0 load address 0x0000000008009088
 .RxDecripSection
                0x0000000020000074       0xa0 ./Core/Src/main.o
                0x0000000020000074                DMARxDscrTab

.TxDecripSection
                0x0000000020000114       0xa0 load address 0x0000000008009128
 .TxDecripSection
                0x0000000020000114       0xa0 ./Core/Src/main.o
                0x0000000020000114                DMATxDscrTab
                0x00000000200001b4                . = ALIGN (0x4)

.bss            0x00000000200001b8     0x4eac load address 0x00000000080091c8
                0x00000000200001b8                _sbss = .
                0x00000000200001b8                __bss_start__ = _sbss
 *(.bss)
 .bss           0x00000000200001b8       0x1c c:/st/stm32cubeide_1.12.1/stm32cubeide/plugins/com.st.stm32cube.ide.mcu.externaltools.gnu-tools-for-stm32.10.3-2021.10.win32_1.0.200.202301161003/tools/bin/../lib/gcc/arm-none-eabi/10.3.1/thumb/v7e-m+dp/hard/crtbegin.o
 *(.bss*)
 .bss._canlib_phcan
                0x00000000200001d4        0x4 ./CANLib/CAN_Main/CAN_Main.o
                0x00000000200001d4                _canlib_phcan
 .bss.all_node_detected
                0x00000000200001d8        0x1 ./CANLib/CAN_Main/CAN_Main.o
                0x00000000200001d8                all_node_detected
 *fill*         0x00000000200001d9        0x3 
 .bss.num_detected
                0x00000000200001dc        0x9 ./CANLib/CAN_Main/CAN_Main.o
                0x00000000200001dc                num_detected
 *fill*         0x00000000200001e5        0x3 
 .bss.node_id_list
                0x00000000200001e8       0x3f ./CANLib/CAN_Main/CAN_Main.o
                0x00000000200001e8                node_id_list
 *fill*         0x0000000020000227        0x1 
 .bss._feedback_table_mcmd1
                0x0000000020000228       0xa0 ./CANLib/CAN_Main/CAN_Main.o
                0x0000000020000228                _feedback_table_mcmd1
 .bss._feedback_table_mcmd2
                0x00000000200002c8       0xa0 ./CANLib/CAN_Main/CAN_Main.o
                0x00000000200002c8                _feedback_table_mcmd2
 .bss._feedback_table_mcmd3
                0x0000000020000368       0xa0 ./CANLib/CAN_Main/CAN_Main.o
                0x0000000020000368                _feedback_table_mcmd3
 .bss._feedback_table_mcmd4
                0x0000000020000408       0xa0 ./CANLib/CAN_Main/CAN_Main.o
                0x0000000020000408                _feedback_table_mcmd4
 .bss.buffer    0x00000000200004a8     0x2000 ./CANLib/CAN_Main/CAN_Main.o
                0x00000000200004a8                buffer
 .bss.readpoint
                0x00000000200024a8        0x4 ./CANLib/CAN_Main/CAN_Main.o
                0x00000000200024a8                readpoint
 .bss.writepoint
                0x00000000200024ac        0x4 ./CANLib/CAN_Main/CAN_Main.o
                0x00000000200024ac                writepoint
 .bss.isfull    0x00000000200024b0        0x1 ./CANLib/CAN_Main/CAN_Main.o
                0x00000000200024b0                isfull
 *fill*         0x00000000200024b1        0x3 
 .bss._c620_phcan_global
                0x00000000200024b4        0x4 ./CANLib_RoboMas/CAN_C620_System/CAN_C620_System.o
                0x00000000200024b4                _c620_phcan_global
 .bss._can_buf_ring1
                0x00000000200024b8     0x200c ./CANLib_RoboMas/CAN_C620_System/CAN_C620_System.o
                0x00000000200024b8                _can_buf_ring1
 *fill*         0x00000000200044c4        0x4 
 .bss._c620_feedback_data_raw_global
                0x00000000200044c8      0x120 ./CANLib_RoboMas/CAN_C620_System/CAN_C620_System.o
                0x00000000200044c8                _c620_feedback_data_raw_global
 .bss.TxConfig  0x00000000200045e8       0x38 ./Core/Src/main.o
                0x00000000200045e8                TxConfig
 .bss.hcan1     0x0000000020004620       0x28 ./Core/Src/main.o
                0x0000000020004620                hcan1
 .bss.hcan2     0x0000000020004648       0x28 ./Core/Src/main.o
                0x0000000020004648                hcan2
 .bss.heth      0x0000000020004670       0xb0 ./Core/Src/main.o
                0x0000000020004670                heth
 .bss.huart3    0x0000000020004720       0x88 ./Core/Src/main.o
                0x0000000020004720                huart3
 .bss.hdma_usart3_tx
                0x00000000200047a8       0x60 ./Core/Src/main.o
                0x00000000200047a8                hdma_usart3_tx
 .bss.hpcd_USB_OTG_FS
                0x0000000020004808      0x508 ./Core/Src/main.o
                0x0000000020004808                hpcd_USB_OTG_FS
 .bss.num_of_devices
                0x0000000020004d10        0x7 ./Core/Src/main.o
                0x0000000020004d10                num_of_devices
 *fill*         0x0000000020004d17        0x1 
 .bss.mcmd4_struct
                0x0000000020004d18       0x40 ./Core/Src/main.o
                0x0000000020004d18                mcmd4_struct
 .bss.mcmd_fb   0x0000000020004d58        0x8 ./Core/Src/main.o
                0x0000000020004d58                mcmd_fb
 .bss.c620_dev_info_global
                0x0000000020004d60      0x260 ./Core/Src/main.o
                0x0000000020004d60                c620_dev_info_global
 .bss.c620_fb   0x0000000020004fc0       0x80 ./Core/Src/main.o
                0x0000000020004fc0                c620_fb
 .bss.MACAddr.0
                0x0000000020005040        0x6 ./Core/Src/main.o
 *fill*         0x0000000020005046        0x2 
 .bss.HAL_RCC_CAN1_CLK_ENABLED
                0x0000000020005048        0x4 ./Core/Src/stm32f7xx_hal_msp.o
 .bss.__sbrk_heap_end
                0x000000002000504c        0x4 ./Core/Src/sysmem.o
 .bss.uwTick    0x0000000020005050        0x4 ./Drivers/STM32F7xx_HAL_Driver/Src/stm32f7xx_hal.o
                0x0000000020005050                uwTick
 .bss.__lock___malloc_recursive_mutex
                0x0000000020005054        0x1 c:/st/stm32cubeide_1.12.1/stm32cubeide/plugins/com.st.stm32cube.ide.mcu.externaltools.gnu-tools-for-stm32.10.3-2021.10.win32_1.0.200.202301161003/tools/bin/../lib/gcc/arm-none-eabi/10.3.1/../../../../arm-none-eabi/lib/thumb/v7e-m+dp/hard\libc_nano.a(lib_a-lock.o)
                0x0000000020005054                __lock___malloc_recursive_mutex
 .bss.__lock___sfp_recursive_mutex
                0x0000000020005055        0x1 c:/st/stm32cubeide_1.12.1/stm32cubeide/plugins/com.st.stm32cube.ide.mcu.externaltools.gnu-tools-for-stm32.10.3-2021.10.win32_1.0.200.202301161003/tools/bin/../lib/gcc/arm-none-eabi/10.3.1/../../../../arm-none-eabi/lib/thumb/v7e-m+dp/hard\libc_nano.a(lib_a-lock.o)
                0x0000000020005055                __lock___sfp_recursive_mutex
 .bss.__lock___sinit_recursive_mutex
                0x0000000020005056        0x1 c:/st/stm32cubeide_1.12.1/stm32cubeide/plugins/com.st.stm32cube.ide.mcu.externaltools.gnu-tools-for-stm32.10.3-2021.10.win32_1.0.200.202301161003/tools/bin/../lib/gcc/arm-none-eabi/10.3.1/../../../../arm-none-eabi/lib/thumb/v7e-m+dp/hard\libc_nano.a(lib_a-lock.o)
                0x0000000020005056                __lock___sinit_recursive_mutex
 *fill*         0x0000000020005057        0x1 
 .bss.__malloc_free_list
                0x0000000020005058        0x4 c:/st/stm32cubeide_1.12.1/stm32cubeide/plugins/com.st.stm32cube.ide.mcu.externaltools.gnu-tools-for-stm32.10.3-2021.10.win32_1.0.200.202301161003/tools/bin/../lib/gcc/arm-none-eabi/10.3.1/../../../../arm-none-eabi/lib/thumb/v7e-m+dp/hard\libc_nano.a(lib_a-nano-mallocr.o)
                0x0000000020005058                __malloc_free_list
 .bss.__malloc_sbrk_start
                0x000000002000505c        0x4 c:/st/stm32cubeide_1.12.1/stm32cubeide/plugins/com.st.stm32cube.ide.mcu.externaltools.gnu-tools-for-stm32.10.3-2021.10.win32_1.0.200.202301161003/tools/bin/../lib/gcc/arm-none-eabi/10.3.1/../../../../arm-none-eabi/lib/thumb/v7e-m+dp/hard\libc_nano.a(lib_a-nano-mallocr.o)
                0x000000002000505c                __malloc_sbrk_start
 .bss.errno     0x0000000020005060        0x4 c:/st/stm32cubeide_1.12.1/stm32cubeide/plugins/com.st.stm32cube.ide.mcu.externaltools.gnu-tools-for-stm32.10.3-2021.10.win32_1.0.200.202301161003/tools/bin/../lib/gcc/arm-none-eabi/10.3.1/../../../../arm-none-eabi/lib/thumb/v7e-m+dp/hard\libc_nano.a(lib_a-reent.o)
                0x0000000020005060                errno
 *(COMMON)
                0x0000000020005064                . = ALIGN (0x4)
                0x0000000020005064                _ebss = .
                0x0000000020005064                __bss_end__ = _ebss

._user_heap_stack
                0x0000000020005064      0x604 load address 0x00000000080091c8
                0x0000000020005068                . = ALIGN (0x8)
 *fill*         0x0000000020005064        0x4 
                [!provide]                        PROVIDE (end = .)
                0x0000000020005068                PROVIDE (_end = .)
                0x0000000020005268                . = (. + _Min_Heap_Size)
 *fill*         0x0000000020005068      0x200 
                0x0000000020005668                . = (. + _Min_Stack_Size)
 *fill*         0x0000000020005268      0x400 
                0x0000000020005668                . = ALIGN (0x8)

/DISCARD/
 libc.a(*)
 libm.a(*)
 libgcc.a(*)

.ARM.attributes
                0x0000000000000000       0x2e
 *(.ARM.attributes)
 .ARM.attributes
                0x0000000000000000       0x1e c:/st/stm32cubeide_1.12.1/stm32cubeide/plugins/com.st.stm32cube.ide.mcu.externaltools.gnu-tools-for-stm32.10.3-2021.10.win32_1.0.200.202301161003/tools/bin/../lib/gcc/arm-none-eabi/10.3.1/thumb/v7e-m+dp/hard/crti.o
 .ARM.attributes
                0x000000000000001e       0x32 c:/st/stm32cubeide_1.12.1/stm32cubeide/plugins/com.st.stm32cube.ide.mcu.externaltools.gnu-tools-for-stm32.10.3-2021.10.win32_1.0.200.202301161003/tools/bin/../lib/gcc/arm-none-eabi/10.3.1/thumb/v7e-m+dp/hard/crtbegin.o
 .ARM.attributes
                0x0000000000000050       0x32 ./CANLib/CAN_Main/CAN_Main.o
 .ARM.attributes
                0x0000000000000082       0x32 ./CANLib/Defines/CAN_System_Def.o
 .ARM.attributes
                0x00000000000000b4       0x32 ./CANLib_RoboMas/CAN_C620/CAN_C620.o
 .ARM.attributes
                0x00000000000000e6       0x32 ./CANLib_RoboMas/CAN_C620_System/CAN_C620_System.o
 .ARM.attributes
                0x0000000000000118       0x32 ./Core/Src/main.o
 .ARM.attributes
                0x000000000000014a       0x32 ./Core/Src/stm32f7xx_hal_msp.o
 .ARM.attributes
                0x000000000000017c       0x32 ./Core/Src/stm32f7xx_it.o
 .ARM.attributes
                0x00000000000001ae       0x32 ./Core/Src/syscalls.o
 .ARM.attributes
                0x00000000000001e0       0x32 ./Core/Src/sysmem.o
 .ARM.attributes
                0x0000000000000212       0x32 ./Core/Src/system_stm32f7xx.o
 .ARM.attributes
                0x0000000000000244       0x21 ./Core/Startup/startup_stm32f767zitx.o
 .ARM.attributes
                0x0000000000000265       0x32 ./Drivers/STM32F7xx_HAL_Driver/Src/stm32f7xx_hal.o
 .ARM.attributes
                0x0000000000000297       0x32 ./Drivers/STM32F7xx_HAL_Driver/Src/stm32f7xx_hal_can.o
 .ARM.attributes
                0x00000000000002c9       0x32 ./Drivers/STM32F7xx_HAL_Driver/Src/stm32f7xx_hal_cortex.o
 .ARM.attributes
                0x00000000000002fb       0x32 ./Drivers/STM32F7xx_HAL_Driver/Src/stm32f7xx_hal_dma.o
 .ARM.attributes
                0x000000000000032d       0x32 ./Drivers/STM32F7xx_HAL_Driver/Src/stm32f7xx_hal_eth.o
 .ARM.attributes
                0x000000000000035f       0x32 ./Drivers/STM32F7xx_HAL_Driver/Src/stm32f7xx_hal_gpio.o
 .ARM.attributes
                0x0000000000000391       0x32 ./Drivers/STM32F7xx_HAL_Driver/Src/stm32f7xx_hal_pcd.o
 .ARM.attributes
                0x00000000000003c3       0x32 ./Drivers/STM32F7xx_HAL_Driver/Src/stm32f7xx_hal_pcd_ex.o
 .ARM.attributes
                0x00000000000003f5       0x32 ./Drivers/STM32F7xx_HAL_Driver/Src/stm32f7xx_hal_pwr.o
 .ARM.attributes
                0x0000000000000427       0x32 ./Drivers/STM32F7xx_HAL_Driver/Src/stm32f7xx_hal_pwr_ex.o
 .ARM.attributes
                0x0000000000000459       0x32 ./Drivers/STM32F7xx_HAL_Driver/Src/stm32f7xx_hal_rcc.o
 .ARM.attributes
                0x000000000000048b       0x32 ./Drivers/STM32F7xx_HAL_Driver/Src/stm32f7xx_hal_rcc_ex.o
 .ARM.attributes
                0x00000000000004bd       0x32 ./Drivers/STM32F7xx_HAL_Driver/Src/stm32f7xx_hal_uart.o
 .ARM.attributes
                0x00000000000004ef       0x32 ./Drivers/STM32F7xx_HAL_Driver/Src/stm32f7xx_ll_usb.o
 .ARM.attributes
                0x0000000000000521       0x32 c:/st/stm32cubeide_1.12.1/stm32cubeide/plugins/com.st.stm32cube.ide.mcu.externaltools.gnu-tools-for-stm32.10.3-2021.10.win32_1.0.200.202301161003/tools/bin/../lib/gcc/arm-none-eabi/10.3.1/../../../../arm-none-eabi/lib/thumb/v7e-m+dp/hard\libc_nano.a(lib_a-errno.o)
 .ARM.attributes
                0x0000000000000553       0x32 c:/st/stm32cubeide_1.12.1/stm32cubeide/plugins/com.st.stm32cube.ide.mcu.externaltools.gnu-tools-for-stm32.10.3-2021.10.win32_1.0.200.202301161003/tools/bin/../lib/gcc/arm-none-eabi/10.3.1/../../../../arm-none-eabi/lib/thumb/v7e-m+dp/hard\libc_nano.a(lib_a-impure.o)
 .ARM.attributes
                0x0000000000000585       0x32 c:/st/stm32cubeide_1.12.1/stm32cubeide/plugins/com.st.stm32cube.ide.mcu.externaltools.gnu-tools-for-stm32.10.3-2021.10.win32_1.0.200.202301161003/tools/bin/../lib/gcc/arm-none-eabi/10.3.1/../../../../arm-none-eabi/lib/thumb/v7e-m+dp/hard\libc_nano.a(lib_a-init.o)
 .ARM.attributes
                0x00000000000005b7       0x32 c:/st/stm32cubeide_1.12.1/stm32cubeide/plugins/com.st.stm32cube.ide.mcu.externaltools.gnu-tools-for-stm32.10.3-2021.10.win32_1.0.200.202301161003/tools/bin/../lib/gcc/arm-none-eabi/10.3.1/../../../../arm-none-eabi/lib/thumb/v7e-m+dp/hard\libc_nano.a(lib_a-memset.o)
 .ARM.attributes
                0x00000000000005e9       0x32 c:/st/stm32cubeide_1.12.1/stm32cubeide/plugins/com.st.stm32cube.ide.mcu.externaltools.gnu-tools-for-stm32.10.3-2021.10.win32_1.0.200.202301161003/tools/bin/../lib/gcc/arm-none-eabi/10.3.1/../../../../arm-none-eabi/lib/thumb/v7e-m+dp/hard\libc_nano.a(lib_a-printf.o)
 .ARM.attributes
                0x000000000000061b       0x32 c:/st/stm32cubeide_1.12.1/stm32cubeide/plugins/com.st.stm32cube.ide.mcu.externaltools.gnu-tools-for-stm32.10.3-2021.10.win32_1.0.200.202301161003/tools/bin/../lib/gcc/arm-none-eabi/10.3.1/../../../../arm-none-eabi/lib/thumb/v7e-m+dp/hard\libc_nano.a(lib_a-puts.o)
 .ARM.attributes
                0x000000000000064d       0x32 c:/st/stm32cubeide_1.12.1/stm32cubeide/plugins/com.st.stm32cube.ide.mcu.externaltools.gnu-tools-for-stm32.10.3-2021.10.win32_1.0.200.202301161003/tools/bin/../lib/gcc/arm-none-eabi/10.3.1/../../../../arm-none-eabi/lib/thumb/v7e-m+dp/hard\libc_nano.a(lib_a-wbuf.o)
 .ARM.attributes
                0x000000000000067f       0x32 c:/st/stm32cubeide_1.12.1/stm32cubeide/plugins/com.st.stm32cube.ide.mcu.externaltools.gnu-tools-for-stm32.10.3-2021.10.win32_1.0.200.202301161003/tools/bin/../lib/gcc/arm-none-eabi/10.3.1/../../../../arm-none-eabi/lib/thumb/v7e-m+dp/hard\libc_nano.a(lib_a-wsetup.o)
 .ARM.attributes
                0x00000000000006b1       0x32 c:/st/stm32cubeide_1.12.1/stm32cubeide/plugins/com.st.stm32cube.ide.mcu.externaltools.gnu-tools-for-stm32.10.3-2021.10.win32_1.0.200.202301161003/tools/bin/../lib/gcc/arm-none-eabi/10.3.1/../../../../arm-none-eabi/lib/thumb/v7e-m+dp/hard\libc_nano.a(lib_a-fflush.o)
 .ARM.attributes
                0x00000000000006e3       0x32 c:/st/stm32cubeide_1.12.1/stm32cubeide/plugins/com.st.stm32cube.ide.mcu.externaltools.gnu-tools-for-stm32.10.3-2021.10.win32_1.0.200.202301161003/tools/bin/../lib/gcc/arm-none-eabi/10.3.1/../../../../arm-none-eabi/lib/thumb/v7e-m+dp/hard\libc_nano.a(lib_a-findfp.o)
 .ARM.attributes
                0x0000000000000715       0x32 c:/st/stm32cubeide_1.12.1/stm32cubeide/plugins/com.st.stm32cube.ide.mcu.externaltools.gnu-tools-for-stm32.10.3-2021.10.win32_1.0.200.202301161003/tools/bin/../lib/gcc/arm-none-eabi/10.3.1/../../../../arm-none-eabi/lib/thumb/v7e-m+dp/hard\libc_nano.a(lib_a-fwalk.o)
 .ARM.attributes
                0x0000000000000747       0x32 c:/st/stm32cubeide_1.12.1/stm32cubeide/plugins/com.st.stm32cube.ide.mcu.externaltools.gnu-tools-for-stm32.10.3-2021.10.win32_1.0.200.202301161003/tools/bin/../lib/gcc/arm-none-eabi/10.3.1/../../../../arm-none-eabi/lib/thumb/v7e-m+dp/hard\libc_nano.a(lib_a-lock.o)
 .ARM.attributes
                0x0000000000000779       0x32 c:/st/stm32cubeide_1.12.1/stm32cubeide/plugins/com.st.stm32cube.ide.mcu.externaltools.gnu-tools-for-stm32.10.3-2021.10.win32_1.0.200.202301161003/tools/bin/../lib/gcc/arm-none-eabi/10.3.1/../../../../arm-none-eabi/lib/thumb/v7e-m+dp/hard\libc_nano.a(lib_a-makebuf.o)
 .ARM.attributes
                0x00000000000007ab       0x32 c:/st/stm32cubeide_1.12.1/stm32cubeide/plugins/com.st.stm32cube.ide.mcu.externaltools.gnu-tools-for-stm32.10.3-2021.10.win32_1.0.200.202301161003/tools/bin/../lib/gcc/arm-none-eabi/10.3.1/../../../../arm-none-eabi/lib/thumb/v7e-m+dp/hard\libc_nano.a(lib_a-nano-freer.o)
 .ARM.attributes
                0x00000000000007dd       0x32 c:/st/stm32cubeide_1.12.1/stm32cubeide/plugins/com.st.stm32cube.ide.mcu.externaltools.gnu-tools-for-stm32.10.3-2021.10.win32_1.0.200.202301161003/tools/bin/../lib/gcc/arm-none-eabi/10.3.1/../../../../arm-none-eabi/lib/thumb/v7e-m+dp/hard\libc_nano.a(lib_a-nano-mallocr.o)
 .ARM.attributes
                0x000000000000080f       0x32 c:/st/stm32cubeide_1.12.1/stm32cubeide/plugins/com.st.stm32cube.ide.mcu.externaltools.gnu-tools-for-stm32.10.3-2021.10.win32_1.0.200.202301161003/tools/bin/../lib/gcc/arm-none-eabi/10.3.1/../../../../arm-none-eabi/lib/thumb/v7e-m+dp/hard\libc_nano.a(lib_a-nano-vfprintf.o)
 .ARM.attributes
                0x0000000000000841       0x32 c:/st/stm32cubeide_1.12.1/stm32cubeide/plugins/com.st.stm32cube.ide.mcu.externaltools.gnu-tools-for-stm32.10.3-2021.10.win32_1.0.200.202301161003/tools/bin/../lib/gcc/arm-none-eabi/10.3.1/../../../../arm-none-eabi/lib/thumb/v7e-m+dp/hard\libc_nano.a(lib_a-nano-vfprintf_i.o)
 .ARM.attributes
                0x0000000000000873       0x32 c:/st/stm32cubeide_1.12.1/stm32cubeide/plugins/com.st.stm32cube.ide.mcu.externaltools.gnu-tools-for-stm32.10.3-2021.10.win32_1.0.200.202301161003/tools/bin/../lib/gcc/arm-none-eabi/10.3.1/../../../../arm-none-eabi/lib/thumb/v7e-m+dp/hard\libc_nano.a(lib_a-sbrkr.o)
 .ARM.attributes
                0x00000000000008a5       0x32 c:/st/stm32cubeide_1.12.1/stm32cubeide/plugins/com.st.stm32cube.ide.mcu.externaltools.gnu-tools-for-stm32.10.3-2021.10.win32_1.0.200.202301161003/tools/bin/../lib/gcc/arm-none-eabi/10.3.1/../../../../arm-none-eabi/lib/thumb/v7e-m+dp/hard\libc_nano.a(lib_a-stdio.o)
 .ARM.attributes
                0x00000000000008d7       0x32 c:/st/stm32cubeide_1.12.1/stm32cubeide/plugins/com.st.stm32cube.ide.mcu.externaltools.gnu-tools-for-stm32.10.3-2021.10.win32_1.0.200.202301161003/tools/bin/../lib/gcc/arm-none-eabi/10.3.1/../../../../arm-none-eabi/lib/thumb/v7e-m+dp/hard\libc_nano.a(lib_a-writer.o)
 .ARM.attributes
                0x0000000000000909       0x32 c:/st/stm32cubeide_1.12.1/stm32cubeide/plugins/com.st.stm32cube.ide.mcu.externaltools.gnu-tools-for-stm32.10.3-2021.10.win32_1.0.200.202301161003/tools/bin/../lib/gcc/arm-none-eabi/10.3.1/../../../../arm-none-eabi/lib/thumb/v7e-m+dp/hard\libc_nano.a(lib_a-closer.o)
 .ARM.attributes
                0x000000000000093b       0x32 c:/st/stm32cubeide_1.12.1/stm32cubeide/plugins/com.st.stm32cube.ide.mcu.externaltools.gnu-tools-for-stm32.10.3-2021.10.win32_1.0.200.202301161003/tools/bin/../lib/gcc/arm-none-eabi/10.3.1/../../../../arm-none-eabi/lib/thumb/v7e-m+dp/hard\libc_nano.a(lib_a-fstatr.o)
 .ARM.attributes
                0x000000000000096d       0x32 c:/st/stm32cubeide_1.12.1/stm32cubeide/plugins/com.st.stm32cube.ide.mcu.externaltools.gnu-tools-for-stm32.10.3-2021.10.win32_1.0.200.202301161003/tools/bin/../lib/gcc/arm-none-eabi/10.3.1/../../../../arm-none-eabi/lib/thumb/v7e-m+dp/hard\libc_nano.a(lib_a-isattyr.o)
 .ARM.attributes
                0x000000000000099f       0x32 c:/st/stm32cubeide_1.12.1/stm32cubeide/plugins/com.st.stm32cube.ide.mcu.externaltools.gnu-tools-for-stm32.10.3-2021.10.win32_1.0.200.202301161003/tools/bin/../lib/gcc/arm-none-eabi/10.3.1/../../../../arm-none-eabi/lib/thumb/v7e-m+dp/hard\libc_nano.a(lib_a-lseekr.o)
 .ARM.attributes
                0x00000000000009d1       0x1c c:/st/stm32cubeide_1.12.1/stm32cubeide/plugins/com.st.stm32cube.ide.mcu.externaltools.gnu-tools-for-stm32.10.3-2021.10.win32_1.0.200.202301161003/tools/bin/../lib/gcc/arm-none-eabi/10.3.1/../../../../arm-none-eabi/lib/thumb/v7e-m+dp/hard\libc_nano.a(lib_a-memchr.o)
 .ARM.attributes
                0x00000000000009ed       0x32 c:/st/stm32cubeide_1.12.1/stm32cubeide/plugins/com.st.stm32cube.ide.mcu.externaltools.gnu-tools-for-stm32.10.3-2021.10.win32_1.0.200.202301161003/tools/bin/../lib/gcc/arm-none-eabi/10.3.1/../../../../arm-none-eabi/lib/thumb/v7e-m+dp/hard\libc_nano.a(lib_a-mlock.o)
 .ARM.attributes
                0x0000000000000a1f       0x32 c:/st/stm32cubeide_1.12.1/stm32cubeide/plugins/com.st.stm32cube.ide.mcu.externaltools.gnu-tools-for-stm32.10.3-2021.10.win32_1.0.200.202301161003/tools/bin/../lib/gcc/arm-none-eabi/10.3.1/../../../../arm-none-eabi/lib/thumb/v7e-m+dp/hard\libc_nano.a(lib_a-readr.o)
 .ARM.attributes
                0x0000000000000a51       0x32 c:/st/stm32cubeide_1.12.1/stm32cubeide/plugins/com.st.stm32cube.ide.mcu.externaltools.gnu-tools-for-stm32.10.3-2021.10.win32_1.0.200.202301161003/tools/bin/../lib/gcc/arm-none-eabi/10.3.1/../../../../arm-none-eabi/lib/thumb/v7e-m+dp/hard\libc_nano.a(lib_a-reent.o)
 .ARM.attributes
                0x0000000000000a83       0x1e c:/st/stm32cubeide_1.12.1/stm32cubeide/plugins/com.st.stm32cube.ide.mcu.externaltools.gnu-tools-for-stm32.10.3-2021.10.win32_1.0.200.202301161003/tools/bin/../lib/gcc/arm-none-eabi/10.3.1/thumb/v7e-m+dp/hard\libgcc.a(_arm_addsubsf3.o)
 .ARM.attributes