../Core/Src/main.c:123:1:__io_putchar	16	static
../Core/Src/main.c:179:5:main	8	static
../Core/Src/main.c:344:6:SystemClock_Config	88	static
../Core/Src/main.c:402:13:MX_CAN1_Init	8	static
../Core/Src/main.c:439:13:MX_CAN2_Init	8	static
../Core/Src/main.c:476:13:MX_ETH_Init	8	static
../Core/Src/main.c:525:13:MX_USART3_UART_Init	8	static
../Core/Src/main.c:560:13:MX_USB_OTG_FS_PCD_Init	8	static
../Core/Src/main.c:593:13:MX_DMA_Init	16	static
../Core/Src/main.c:611:13:MX_GPIO_Init	56	static
../Core/Src/main.c:669:6:Error_Handler	4	static,ignoring_inline_asm
