../Core/Src/main.c:123:1:__io_putchar	16	static
../Core/Src/main.c:130:6:HAL_CAN_TxMailbox0CompleteCallback	16	static
../Core/Src/main.c:135:6:HAL_CAN_TxMailbox0AbortCallback	16	static
../Core/Src/main.c:140:6:HAL_CAN_TxMailbox1CompleteCallback	16	static
../Core/Src/main.c:145:6:HAL_CAN_TxMailbox1AbortCallback	16	static
../Core/Src/main.c:150:6:HAL_CAN_TxMailbox2CompleteCallback	16	static
../Core/Src/main.c:155:6:HAL_CAN_TxMailbox2AbortCallback	16	static
../Core/Src/main.c:168:6:HAL_CAN_RxFifo1MsgPendingCallback	16	static
../Core/Src/main.c:179:5:main	40	static
../Core/Src/main.c:368:6:SystemClock_Config	88	static
../Core/Src/main.c:426:13:MX_CAN1_Init	8	static
../Core/Src/main.c:463:13:MX_CAN2_Init	8	static
../Core/Src/main.c:500:13:MX_ETH_Init	8	static
../Core/Src/main.c:549:13:MX_USART3_UART_Init	8	static
../Core/Src/main.c:584:13:MX_USB_OTG_FS_PCD_Init	8	static
../Core/Src/main.c:617:13:MX_DMA_Init	16	static
../Core/Src/main.c:635:13:MX_GPIO_Init	56	static
../Core/Src/main.c:693:6:Error_Handler	4	static,ignoring_inline_asm
