../CANLib/CAN_Main/CAN_Main.c:33:19:PushTx8Bytes	32	static
../CANLib/CAN_Main/CAN_Main.c:48:19:PopSendTx8Bytes	48	static
../CANLib/CAN_Main/CAN_Main.c:72:6:CANLib_WhenTxMailbox0_1_2CompleteCallbackCalled	16	static
../CANLib/CAN_Main/CAN_Main.c:77:6:CANLib_WhenTxMailbox0_1_2AbortCallbackCalled	16	static
../CANLib/CAN_Main/CAN_Main.c:82:6:WhenCANRxFifo0MsgPending	80	static
../CANLib/CAN_Main/CAN_Main.c:126:19:SendBytes	40	static
../CANLib/CAN_Main/CAN_Main.c:162:6:CAN_SystemInit	64	static
../CANLib/CAN_Main/CAN_Main.c:279:6:CAN_WaitConnect	24	static
../CANLib/CAN_Main/CAN_Main.c:305:6:MCMD_ChangeControl	32	static
../CANLib/CAN_Main/CAN_Main.c:328:6:MCMD_init	32	static
../CANLib/CAN_Main/CAN_Main.c:347:6:MCMD_Calib	24	static
../CANLib/CAN_Main/CAN_Main.c:352:6:MCMD_Control_Enable	24	static
../CANLib/CAN_Main/CAN_Main.c:357:6:MCMD_Control_Disable	24	static
../CANLib/CAN_Main/CAN_Main.c:362:6:MCMD_SetTarget	16	static
../CANLib/CAN_Main/CAN_Main.c:366:23:Get_MCMD_Feedback	32	static
../CANLib/CAN_Main/CAN_Main.c:395:6:ServoDriver_Init	24	static
../CANLib/CAN_Main/CAN_Main.c:408:6:ServoDriver_SendValue	16	static
../CANLib/CAN_Main/CAN_Main.c:423:6:AirCylinder_Init	16	static
../CANLib/CAN_Main/CAN_Main.c:429:6:AirCylinder_SendOutput	16	static
